Compile/link check only in a temporary project: CAN enabled, Wi-Fi credentials empty. No flashing.
/Users/alf/repos/leaf/tools/firmware-venv/lib/python3.9/site-packages/urllib3/__init__.py:35: NotOpenSSLWarning: urllib3 v2 only supports OpenSSL 1.1.1+, currently the 'ssl' module is compiled with 'LibreSSL 2.8.3'. See: https://github.com/urllib3/urllib3/issues/3020
  warnings.warn(
Processing leaf_rev_g (platform: espressif32@6.12.0; board: esp32-c3-devkitm-1; framework: espidf)
--------------------------------------------------------------------------------
/Users/alf/repos/leaf/tools/firmware-venv/lib/python3.9/site-packages/urllib3/__init__.py:35: NotOpenSSLWarning: urllib3 v2 only supports OpenSSL 1.1.1+, currently the 'ssl' module is compiled with 'LibreSSL 2.8.3'. See: https://github.com/urllib3/urllib3/issues/3020
  warnings.warn(
Verbose mode can be enabled via `-v, --verbose` option
CONFIGURATION: https://docs.platformio.org/page/boards/espressif32/esp32-c3-devkitm-1.html
PLATFORM: Espressif 32 (6.12.0) > Espressif ESP32-C3-DevKitM-1
HARDWARE: ESP32C3 160MHz, 320KB RAM, 4MB Flash
DEBUG: Current (cmsis-dap) External (cmsis-dap, esp-bridge, esp-builtin, esp-prog, iot-bus-jtag, jlink, minimodule, olimex-arm-usb-ocd, olimex-arm-usb-ocd-h, olimex-arm-usb-tiny-h, olimex-jtag-tiny, tumpa)
PACKAGES: 
 - framework-espidf @ 3.50500.0 (5.5.0) 
 - tool-cmake @ 3.30.2 
 - tool-esp-rom-elfs @ 0.0.1+20241011 
 - tool-esptoolpy @ 2.40900.250804 (4.9.0) 
 - tool-ninja @ 1.13.2 
 - tool-riscv32-esp-elf-gdb @ 12.1.0+20221002 
 - tool-xtensa-esp-elf-gdb @ 12.1.0+20221002 
 - toolchain-esp32ulp @ 1.23800.240113 (2.38.0) 
 - toolchain-riscv32-esp @ 14.2.0+20241119
Reading CMake configuration...
Generating assembly for certificate bundle...
LDF: Library Dependency Finder -> https://bit.ly/configure-pio-ldf
LDF Modes: Finder ~ chain, Compatibility ~ soft
Found 0 compatible libraries
Scanning dependencies...
No dependencies
Building in release mode
Compiling .pio/build/leaf_rev_g/src/main.cpp.o
Generating LD script .pio/build/leaf_rev_g/esp-idf/esp_system/ld/memory.ld.in
Generating LD script .pio/build/leaf_rev_g/esp-idf/esp_system/ld/sections.ld.in
Compiling .pio/build/leaf_rev_g/app_trace/app_trace.c.o
Generating LD script .pio/build/leaf_rev_g/memory.ld
Compiling .pio/build/leaf_rev_g/app_trace/app_trace_util.c.o
Compiling .pio/build/leaf_rev_g/app_trace/host_file_io.c.o
Compiling .pio/build/leaf_rev_g/app_trace/port/port_uart.c.o
Compiling .pio/build/leaf_rev_g/app_update/esp_ota_ops.c.o
Compiling .pio/build/leaf_rev_g/app_update/esp_ota_app_desc.c.o
Compiling .pio/build/leaf_rev_g/bootloader_support/src/bootloader_common.c.o
Archiving .pio/build/leaf_rev_g/esp-idf/app_trace/libapp_trace.a
Compiling .pio/build/leaf_rev_g/bootloader_support/src/bootloader_common_loader.c.o
Compiling .pio/build/leaf_rev_g/bootloader_support/src/bootloader_clock_init.c.o
Compiling .pio/build/leaf_rev_g/bootloader_support/src/bootloader_mem.c.o
Indexing .pio/build/leaf_rev_g/esp-idf/app_trace/libapp_trace.a
Compiling .pio/build/leaf_rev_g/bootloader_support/src/bootloader_random.c.o
Compiling .pio/build/leaf_rev_g/bootloader_support/src/bootloader_efuse.c.o
Compiling .pio/build/leaf_rev_g/bootloader_support/src/flash_encrypt.c.o
Compiling .pio/build/leaf_rev_g/bootloader_support/src/secure_boot.c.o
Compiling .pio/build/leaf_rev_g/bootloader_support/src/bootloader_random_esp32c3.c.o
Archiving .pio/build/leaf_rev_g/esp-idf/app_update/libapp_update.a
Indexing .pio/build/leaf_rev_g/esp-idf/app_update/libapp_update.a
Compiling .pio/build/leaf_rev_g/bootloader_support/bootloader_flash/src/bootloader_flash.c.o
Compiling .pio/build/leaf_rev_g/bootloader_support/bootloader_flash/src/flash_qio_mode.c.o
Compiling .pio/build/leaf_rev_g/bootloader_support/bootloader_flash/src/bootloader_flash_config_esp32c3.c.o
Compiling .pio/build/leaf_rev_g/bootloader_support/src/bootloader_utility.c.o
Compiling .pio/build/leaf_rev_g/bootloader_support/src/flash_partitions.c.o
Compiling .pio/build/leaf_rev_g/bootloader_support/src/esp_image_format.c.o
Compiling .pio/build/leaf_rev_g/bootloader_support/src/bootloader_sha.c.o
Compiling .pio/build/leaf_rev_g/bootloader_support/src/esp32c3/secure_boot_secure_features.c.o
Compiling .pio/build/leaf_rev_g/cmock/CMock/src/cmock.c.o
Compiling .pio/build/leaf_rev_g/console/commands.c.o
Compiling .pio/build/leaf_rev_g/console/esp_console_common.c.o
Compiling .pio/build/leaf_rev_g/console/esp_console_repl_internal.c.o
Compiling .pio/build/leaf_rev_g/console/split_argv.c.o
Compiling .pio/build/leaf_rev_g/console/linenoise/linenoise.c.o
Archiving .pio/build/leaf_rev_g/esp-idf/bootloader_support/libbootloader_support.a
Archiving .pio/build/leaf_rev_g/esp-idf/cmock/libcmock.a
Compiling .pio/build/leaf_rev_g/console/esp_console_repl_chip.c.o
Indexing .pio/build/leaf_rev_g/esp-idf/cmock/libcmock.a
Indexing .pio/build/leaf_rev_g/esp-idf/bootloader_support/libbootloader_support.a
Compiling .pio/build/leaf_rev_g/console/argtable3/arg_cmd.c.o
Compiling .pio/build/leaf_rev_g/console/argtable3/arg_date.c.o
Compiling .pio/build/leaf_rev_g/console/argtable3/arg_dbl.c.o
Compiling .pio/build/leaf_rev_g/console/argtable3/arg_dstr.c.o
Compiling .pio/build/leaf_rev_g/console/argtable3/arg_end.c.o
Compiling .pio/build/leaf_rev_g/console/argtable3/arg_file.c.o
Compiling .pio/build/leaf_rev_g/console/argtable3/arg_hashtable.c.o
Compiling .pio/build/leaf_rev_g/console/argtable3/arg_int.c.o
Compiling .pio/build/leaf_rev_g/console/argtable3/arg_lit.c.o
Compiling .pio/build/leaf_rev_g/console/argtable3/arg_rem.c.o
Compiling .pio/build/leaf_rev_g/console/argtable3/arg_rex.c.o
Compiling .pio/build/leaf_rev_g/console/argtable3/arg_str.c.o
Compiling .pio/build/leaf_rev_g/console/argtable3/arg_utils.c.o
Compiling .pio/build/leaf_rev_g/console/argtable3/argtable3.c.o
Compiling .pio/build/leaf_rev_g/cxx/cxx_exception_stubs.cpp.o
Compiling .pio/build/leaf_rev_g/cxx/cxx_guards.cpp.o
Compiling .pio/build/leaf_rev_g/cxx/cxx_init.cpp.o
Compiling .pio/build/leaf_rev_g/driver/deprecated/adc_legacy.c.o
Compiling .pio/build/leaf_rev_g/driver/deprecated/adc_dma_legacy.c.o
Archiving .pio/build/leaf_rev_g/esp-idf/console/libconsole.a
Compiling .pio/build/leaf_rev_g/driver/deprecated/timer_legacy.c.o
Indexing .pio/build/leaf_rev_g/esp-idf/console/libconsole.a
Compiling .pio/build/leaf_rev_g/driver/i2c/i2c.c.o
Compiling .pio/build/leaf_rev_g/driver/deprecated/i2s_legacy.c.o
Compiling .pio/build/leaf_rev_g/driver/deprecated/rmt_legacy.c.o
Compiling .pio/build/leaf_rev_g/driver/deprecated/sigma_delta_legacy.c.o
Compiling .pio/build/leaf_rev_g/driver/deprecated/rtc_temperature_legacy.c.o
Compiling .pio/build/leaf_rev_g/driver/twai/twai.c.o
Compiling .pio/build/leaf_rev_g/efuse/esp32c3/esp_efuse_table.c.o
Archiving .pio/build/leaf_rev_g/esp-idf/cxx/libcxx.a
Compiling .pio/build/leaf_rev_g/efuse/esp32c3/esp_efuse_fields.c.o
Compiling .pio/build/leaf_rev_g/efuse/esp32c3/esp_efuse_rtc_calib.c.o
Indexing .pio/build/leaf_rev_g/esp-idf/cxx/libcxx.a
Compiling .pio/build/leaf_rev_g/efuse/esp32c3/esp_efuse_utility.c.o
Compiling .pio/build/leaf_rev_g/efuse/src/esp_efuse_api.c.o
Compiling .pio/build/leaf_rev_g/efuse/src/esp_efuse_fields.c.o
Compiling .pio/build/leaf_rev_g/efuse/src/esp_efuse_utility.c.o
Compiling .pio/build/leaf_rev_g/efuse/src/efuse_controller/keys/with_key_purposes/esp_efuse_api_key.c.o
Compiling .pio/build/leaf_rev_g/efuse/src/esp_efuse_startup.c.o
Compiling .pio/build/leaf_rev_g/esp-tls/esp_tls.c.o
Archiving .pio/build/leaf_rev_g/esp-idf/efuse/libefuse.a
Archiving .pio/build/leaf_rev_g/esp-idf/driver/libdriver.a
Compiling .pio/build/leaf_rev_g/esp-tls/esp-tls-crypto/esp_tls_crypto.c.o
Indexing .pio/build/leaf_rev_g/esp-idf/efuse/libefuse.a
Compiling .pio/build/leaf_rev_g/esp-tls/esp_tls_error_capture.c.o
Indexing .pio/build/leaf_rev_g/esp-idf/driver/libdriver.a
Compiling .pio/build/leaf_rev_g/esp-tls/esp_tls_platform_port.c.o
Compiling .pio/build/leaf_rev_g/esp-tls/esp_tls_mbedtls.c.o
Compiling .pio/build/leaf_rev_g/esp_adc/adc_oneshot.c.o
Compiling .pio/build/leaf_rev_g/esp_adc/adc_common.c.o
Compiling .pio/build/leaf_rev_g/esp_adc/adc_cali.c.o
Compiling .pio/build/leaf_rev_g/esp_adc/adc_cali_curve_fitting.c.o
Compiling .pio/build/leaf_rev_g/esp_adc/deprecated/esp_adc_cal_common_legacy.c.o
Compiling .pio/build/leaf_rev_g/esp_adc/adc_continuous.c.o
Compiling .pio/build/leaf_rev_g/esp_adc/adc_monitor.c.o
Compiling .pio/build/leaf_rev_g/esp_adc/gdma/adc_dma.c.o
Compiling .pio/build/leaf_rev_g/esp_adc/adc_filter.c.o
Compiling .pio/build/leaf_rev_g/esp_adc/esp32c3/curve_fitting_coefficients.c.o
Compiling .pio/build/leaf_rev_g/esp_adc/deprecated/esp32c3/esp_adc_cal_legacy.c.o
Compiling .pio/build/leaf_rev_g/esp_app_format/esp_app_desc.c.o
Archiving .pio/build/leaf_rev_g/esp-idf/esp-tls/libesp-tls.a
Compiling .pio/build/leaf_rev_g/esp_bootloader_format/esp_bootloader_desc.c.o
Indexing .pio/build/leaf_rev_g/esp-idf/esp-tls/libesp-tls.a
Compiling .pio/build/leaf_rev_g/esp_coex/esp32c3/esp_coex_adapter.c.o
Compiling .pio/build/leaf_rev_g/esp_coex/src/coexist_debug_diagram.c.o
Compiling .pio/build/leaf_rev_g/esp_coex/src/coexist_debug.c.o
Archiving .pio/build/leaf_rev_g/esp-idf/esp_bootloader_format/libesp_bootloader_format.a
Archiving .pio/build/leaf_rev_g/esp-idf/esp_adc/libesp_adc.a
Archiving .pio/build/leaf_rev_g/esp-idf/esp_app_format/libesp_app_format.a
Indexing .pio/build/leaf_rev_g/esp-idf/esp_bootloader_format/libesp_bootloader_format.a
Indexing .pio/build/leaf_rev_g/esp-idf/esp_app_format/libesp_app_format.a
Indexing .pio/build/leaf_rev_g/esp-idf/esp_adc/libesp_adc.a
Compiling .pio/build/leaf_rev_g/esp_common/src/esp_err_to_name.c.o
Archiving .pio/build/leaf_rev_g/esp-idf/esp_coex/libesp_coex.a
Compiling .pio/build/leaf_rev_g/esp_driver_cam/esp_cam_ctlr.c.o
Indexing .pio/build/leaf_rev_g/esp-idf/esp_coex/libesp_coex.a
Compiling .pio/build/leaf_rev_g/esp_driver_cam/dvp_share_ctrl.c.o
Compiling .pio/build/leaf_rev_g/esp_driver_gpio/src/gpio.c.o
Compiling .pio/build/leaf_rev_g/esp_driver_gpio/src/gpio_glitch_filter_ops.c.o
Compiling .pio/build/leaf_rev_g/esp_driver_gpio/src/rtc_io.c.o
Compiling .pio/build/leaf_rev_g/esp_driver_gpio/src/dedic_gpio.c.o
Compiling .pio/build/leaf_rev_g/esp_driver_gpio/src/gpio_pin_glitch_filter.c.o
Compiling .pio/build/leaf_rev_g/esp_driver_gptimer/src/gptimer.c.o
Archiving .pio/build/leaf_rev_g/esp-idf/esp_driver_cam/libesp_driver_cam.a
Compiling .pio/build/leaf_rev_g/esp_driver_gptimer/src/gptimer_common.c.o
Indexing .pio/build/leaf_rev_g/esp-idf/esp_driver_cam/libesp_driver_cam.a
Compiling .pio/build/leaf_rev_g/esp_driver_i2c/i2c_master.c.o
Archiving .pio/build/leaf_rev_g/esp-idf/esp_common/libesp_common.a
Compiling .pio/build/leaf_rev_g/esp_driver_i2c/i2c_common.c.o
Indexing .pio/build/leaf_rev_g/esp-idf/esp_common/libesp_common.a
Compiling .pio/build/leaf_rev_g/esp_driver_i2c/i2c_slave.c.o
Compiling .pio/build/leaf_rev_g/esp_driver_i2s/i2s_common.c.o
Archiving .pio/build/leaf_rev_g/esp-idf/esp_driver_gpio/libesp_driver_gpio.a
Archiving .pio/build/leaf_rev_g/esp-idf/esp_driver_gptimer/libesp_driver_gptimer.a
Compiling .pio/build/leaf_rev_g/esp_driver_i2s/i2s_std.c.o
Indexing .pio/build/leaf_rev_g/esp-idf/esp_driver_gpio/libesp_driver_gpio.a
Indexing .pio/build/leaf_rev_g/esp-idf/esp_driver_gptimer/libesp_driver_gptimer.a
Compiling .pio/build/leaf_rev_g/esp_driver_i2s/i2s_pdm.c.o
Compiling .pio/build/leaf_rev_g/esp_driver_i2s/i2s_tdm.c.o
Compiling .pio/build/leaf_rev_g/esp_driver_i2s/i2s_platform.c.o
Compiling .pio/build/leaf_rev_g/esp_driver_ledc/src/ledc.c.o
Compiling .pio/build/leaf_rev_g/esp_driver_rmt/src/rmt_common.c.o
Compiling .pio/build/leaf_rev_g/esp_driver_rmt/src/rmt_encoder.c.o
Compiling .pio/build/leaf_rev_g/esp_driver_rmt/src/rmt_encoder_bytes.c.o
Compiling .pio/build/leaf_rev_g/esp_driver_rmt/src/rmt_encoder_copy.c.o
Compiling .pio/build/leaf_rev_g/esp_driver_rmt/src/rmt_encoder_simple.c.o
Archiving .pio/build/leaf_rev_g/esp-idf/esp_driver_i2c/libesp_driver_i2c.a
Compiling .pio/build/leaf_rev_g/esp_driver_rmt/src/rmt_rx.c.o
Indexing .pio/build/leaf_rev_g/esp-idf/esp_driver_i2c/libesp_driver_i2c.a
Compiling .pio/build/leaf_rev_g/esp_driver_rmt/src/rmt_tx.c.o
Archiving .pio/build/leaf_rev_g/esp-idf/esp_driver_i2s/libesp_driver_i2s.a
Indexing .pio/build/leaf_rev_g/esp-idf/esp_driver_i2s/libesp_driver_i2s.a
Compiling .pio/build/leaf_rev_g/esp_driver_sdm/src/sdm.c.o
Compiling .pio/build/leaf_rev_g/esp_driver_sdspi/src/sdspi_crc.c.o
Compiling .pio/build/leaf_rev_g/esp_driver_sdspi/src/sdspi_host.c.o
Compiling .pio/build/leaf_rev_g/esp_driver_sdspi/src/sdspi_transaction.c.o
Compiling .pio/build/leaf_rev_g/esp_driver_spi/src/gpspi/spi_common.c.o
Compiling .pio/build/leaf_rev_g/esp_driver_spi/src/gpspi/spi_master.c.o
Archiving .pio/build/leaf_rev_g/esp-idf/esp_driver_ledc/libesp_driver_ledc.a
Archiving .pio/build/leaf_rev_g/esp-idf/esp_driver_sdm/libesp_driver_sdm.a
Indexing .pio/build/leaf_rev_g/esp-idf/esp_driver_ledc/libesp_driver_ledc.a
Compiling .pio/build/leaf_rev_g/esp_driver_spi/src/gpspi/spi_slave.c.o
Indexing .pio/build/leaf_rev_g/esp-idf/esp_driver_sdm/libesp_driver_sdm.a
Compiling .pio/build/leaf_rev_g/esp_driver_spi/src/gpspi/spi_slave_hd.c.o
Compiling .pio/build/leaf_rev_g/esp_driver_tsens/src/temperature_sensor.c.o
Archiving .pio/build/leaf_rev_g/esp-idf/esp_driver_rmt/libesp_driver_rmt.a
Archiving .pio/build/leaf_rev_g/esp-idf/esp_driver_sdspi/libesp_driver_sdspi.a
Indexing .pio/build/leaf_rev_g/esp-idf/esp_driver_sdspi/libesp_driver_sdspi.a
Indexing .pio/build/leaf_rev_g/esp-idf/esp_driver_rmt/libesp_driver_rmt.a
Compiling .pio/build/leaf_rev_g/esp_driver_twai/esp_twai.c.o
Compiling .pio/build/leaf_rev_g/esp_driver_twai/esp_twai_onchip.c.o
Compiling .pio/build/leaf_rev_g/esp_driver_uart/src/uart.c.o
Compiling .pio/build/leaf_rev_g/esp_driver_uart/src/uart_wakeup.c.o
Archiving .pio/build/leaf_rev_g/esp-idf/esp_driver_tsens/libesp_driver_tsens.a
Indexing .pio/build/leaf_rev_g/esp-idf/esp_driver_tsens/libesp_driver_tsens.a
Compiling .pio/build/leaf_rev_g/esp_driver_uart/src/uhci.c.o
Archiving .pio/build/leaf_rev_g/esp-idf/esp_driver_spi/libesp_driver_spi.a
Compiling .pio/build/leaf_rev_g/esp_driver_uart/src/uart_vfs.c.o
Indexing .pio/build/leaf_rev_g/esp-idf/esp_driver_spi/libesp_driver_spi.a
Compiling .pio/build/leaf_rev_g/esp_driver_usb_serial_jtag/src/usb_serial_jtag.c.o
Compiling .pio/build/leaf_rev_g/esp_driver_usb_serial_jtag/src/usb_serial_jtag_connection_monitor.c.o
Compiling .pio/build/leaf_rev_g/esp_driver_usb_serial_jtag/src/usb_serial_jtag_vfs.c.o
Archiving .pio/build/leaf_rev_g/esp-idf/esp_driver_twai/libesp_driver_twai.a
Indexing .pio/build/leaf_rev_g/esp-idf/esp_driver_twai/libesp_driver_twai.a
Compiling .pio/build/leaf_rev_g/esp_eth/src/esp_eth.c.o
Compiling .pio/build/leaf_rev_g/esp_eth/src/phy/esp_eth_phy_802_3.c.o
Compiling .pio/build/leaf_rev_g/esp_eth/src/esp_eth_netif_glue.c.o
Compiling .pio/build/leaf_rev_g/esp_event/default_event_loop.c.o
Compiling .pio/build/leaf_rev_g/esp_event/esp_event.c.o
Compiling .pio/build/leaf_rev_g/esp_event/esp_event_private.c.o
Compiling .pio/build/leaf_rev_g/esp_gdbstub/src/gdbstub.c.o
Archiving .pio/build/leaf_rev_g/esp-idf/esp_driver_usb_serial_jtag/libesp_driver_usb_serial_jtag.a
Compiling .pio/build/leaf_rev_g/esp_gdbstub/src/gdbstub_transport.c.o
Indexing .pio/build/leaf_rev_g/esp-idf/esp_driver_usb_serial_jtag/libesp_driver_usb_serial_jtag.a
Compiling .pio/build/leaf_rev_g/esp_gdbstub/src/packet.c.o
Archiving .pio/build/leaf_rev_g/esp-idf/esp_driver_uart/libesp_driver_uart.a
Compiling .pio/build/leaf_rev_g/esp_gdbstub/src/port/riscv/gdbstub_riscv.c.o
Indexing .pio/build/leaf_rev_g/esp-idf/esp_driver_uart/libesp_driver_uart.a
Compiling .pio/build/leaf_rev_g/esp_gdbstub/src/port/riscv/rv_decode.c.o
Archiving .pio/build/leaf_rev_g/esp-idf/esp_eth/libesp_eth.a
Indexing .pio/build/leaf_rev_g/esp-idf/esp_eth/libesp_eth.a
Compiling .pio/build/leaf_rev_g/esp_hid/src/esp_hidd.c.o
Archiving .pio/build/leaf_rev_g/esp-idf/esp_event/libesp_event.a
Indexing .pio/build/leaf_rev_g/esp-idf/esp_event/libesp_event.a
Compiling .pio/build/leaf_rev_g/esp_hid/src/esp_hidh.c.o
Archiving .pio/build/leaf_rev_g/esp-idf/esp_gdbstub/libesp_gdbstub.a
Compiling .pio/build/leaf_rev_g/esp_hid/src/esp_hid_common.c.o
Indexing .pio/build/leaf_rev_g/esp-idf/esp_gdbstub/libesp_gdbstub.a
Compiling .pio/build/leaf_rev_g/esp_http_client/esp_http_client.c.o
Compiling .pio/build/leaf_rev_g/esp_http_client/lib/http_auth.c.o
Compiling .pio/build/leaf_rev_g/esp_http_client/lib/http_header.c.o
Compiling .pio/build/leaf_rev_g/esp_http_client/lib/http_utils.c.o
Compiling .pio/build/leaf_rev_g/esp_http_server/src/httpd_main.c.o
Archiving .pio/build/leaf_rev_g/esp-idf/esp_hid/libesp_hid.a
Compiling .pio/build/leaf_rev_g/esp_http_server/src/httpd_parse.c.o
Compiling .pio/build/leaf_rev_g/esp_http_server/src/httpd_sess.c.o
Indexing .pio/build/leaf_rev_g/esp-idf/esp_hid/libesp_hid.a
Compiling .pio/build/leaf_rev_g/esp_http_server/src/httpd_txrx.c.o
Compiling .pio/build/leaf_rev_g/esp_http_server/src/httpd_uri.c.o
Compiling .pio/build/leaf_rev_g/esp_http_server/src/httpd_ws.c.o
Compiling .pio/build/leaf_rev_g/esp_http_server/src/util/ctrl_sock.c.o
Compiling .pio/build/leaf_rev_g/esp_https_ota/src/esp_https_ota.c.o
Compiling .pio/build/leaf_rev_g/esp_https_server/src/https_server.c.o
Compiling .pio/build/leaf_rev_g/esp_hw_support/cpu.c.o
Compiling .pio/build/leaf_rev_g/esp_hw_support/port/esp32c3/esp_cpu_intr.c.o
Compiling .pio/build/leaf_rev_g/esp_hw_support/esp_memory_utils.c.o
Compiling .pio/build/leaf_rev_g/esp_hw_support/port/esp32c3/cpu_region_protect.c.o
Archiving .pio/build/leaf_rev_g/esp-idf/esp_http_client/libesp_http_client.a
Archiving .pio/build/leaf_rev_g/esp-idf/esp_http_server/libesp_http_server.a
Indexing .pio/build/leaf_rev_g/esp-idf/esp_http_client/libesp_http_client.a
Indexing .pio/build/leaf_rev_g/esp-idf/esp_http_server/libesp_http_server.a
Compiling .pio/build/leaf_rev_g/esp_hw_support/esp_clk.c.o
Compiling .pio/build/leaf_rev_g/esp_hw_support/clk_ctrl_os.c.o
Compiling .pio/build/leaf_rev_g/esp_hw_support/hw_random.c.o
Archiving .pio/build/leaf_rev_g/esp-idf/esp_https_ota/libesp_https_ota.a
Archiving .pio/build/leaf_rev_g/esp-idf/esp_https_server/libesp_https_server.a
Compiling .pio/build/leaf_rev_g/esp_hw_support/intr_alloc.c.o
Indexing .pio/build/leaf_rev_g/esp-idf/esp_https_ota/libesp_https_ota.a
Indexing .pio/build/leaf_rev_g/esp-idf/esp_https_server/libesp_https_server.a
Compiling .pio/build/leaf_rev_g/esp_hw_support/mac_addr.c.o
Compiling .pio/build/leaf_rev_g/esp_hw_support/periph_ctrl.c.o
Compiling .pio/build/leaf_rev_g/esp_hw_support/revision.c.o
Compiling .pio/build/leaf_rev_g/esp_hw_support/rtc_module.c.o
Compiling .pio/build/leaf_rev_g/esp_hw_support/regi2c_ctrl.c.o
Compiling .pio/build/leaf_rev_g/esp_hw_support/esp_gpio_reserve.c.o
Compiling .pio/build/leaf_rev_g/esp_hw_support/sar_periph_ctrl_common.c.o
Compiling .pio/build/leaf_rev_g/esp_hw_support/port/esp32c3/io_mux.c.o
Compiling .pio/build/leaf_rev_g/esp_hw_support/port/esp32c3/esp_clk_tree.c.o
Compiling .pio/build/leaf_rev_g/esp_hw_support/dma/esp_dma_utils.c.o
Compiling .pio/build/leaf_rev_g/esp_hw_support/dma/gdma_link.c.o
Compiling .pio/build/leaf_rev_g/esp_hw_support/spi_bus_lock.c.o
Compiling .pio/build/leaf_rev_g/esp_hw_support/clk_utils.c.o
Compiling .pio/build/leaf_rev_g/esp_hw_support/port/esp_clk_tree_common.c.o
Compiling .pio/build/leaf_rev_g/esp_hw_support/spi_share_hw_ctrl.c.o
Compiling .pio/build/leaf_rev_g/esp_hw_support/adc_share_hw_ctrl.c.o
Compiling .pio/build/leaf_rev_g/esp_hw_support/sleep_modem.c.o
Compiling .pio/build/leaf_rev_g/esp_hw_support/sleep_modes.c.o
Compiling .pio/build/leaf_rev_g/esp_hw_support/sleep_console.c.o
Compiling .pio/build/leaf_rev_g/esp_hw_support/sleep_usb.c.o
Compiling .pio/build/leaf_rev_g/esp_hw_support/sleep_gpio.c.o
Compiling .pio/build/leaf_rev_g/esp_hw_support/sleep_event.c.o
Compiling .pio/build/leaf_rev_g/esp_hw_support/dma/gdma.c.o
Compiling .pio/build/leaf_rev_g/esp_hw_support/deprecated/gdma_legacy.c.o
Compiling .pio/build/leaf_rev_g/esp_hw_support/dma/esp_async_memcpy.c.o
Compiling .pio/build/leaf_rev_g/esp_hw_support/dma/async_memcpy_gdma.c.o
Compiling .pio/build/leaf_rev_g/esp_hw_support/port/esp32c3/systimer.c.o
Compiling .pio/build/leaf_rev_g/esp_hw_support/mspi_timing_tuning/mspi_timing_tuning.c.o
Compiling .pio/build/leaf_rev_g/esp_hw_support/sleep_wake_stub.c.o
Compiling .pio/build/leaf_rev_g/esp_hw_support/esp_clock_output.c.o
Compiling .pio/build/leaf_rev_g/esp_hw_support/power_supply/brownout.c.o
Compiling .pio/build/leaf_rev_g/esp_hw_support/port/esp32c3/rtc_clk_init.c.o
Compiling .pio/build/leaf_rev_g/esp_hw_support/port/esp32c3/rtc_clk.c.o
Compiling .pio/build/leaf_rev_g/esp_hw_support/port/esp32c3/rtc_init.c.o
Compiling .pio/build/leaf_rev_g/esp_hw_support/port/esp32c3/rtc_sleep.c.o
Compiling .pio/build/leaf_rev_g/esp_hw_support/port/esp32c3/rtc_time.c.o
Compiling .pio/build/leaf_rev_g/esp_hw_support/port/esp32c3/chip_info.c.o
Compiling .pio/build/leaf_rev_g/esp_hw_support/port/esp32c3/sar_periph_ctrl.c.o
Compiling .pio/build/leaf_rev_g/esp_hw_support/port/esp32c3/adc2_init_cal.c.o
Compiling .pio/build/leaf_rev_g/esp_hw_support/port/esp32c3/esp_memprot.c.o
Compiling .pio/build/leaf_rev_g/esp_hw_support/port/esp_memprot_conv.c.o
Compiling .pio/build/leaf_rev_g/esp_hw_support/lowpower/port/esp32c3/sleep_cpu.c.o
Compiling .pio/build/leaf_rev_g/esp_lcd/src/esp_lcd_common.c.o
Compiling .pio/build/leaf_rev_g/esp_lcd/src/esp_lcd_panel_io.c.o
Compiling .pio/build/leaf_rev_g/esp_lcd/src/esp_lcd_panel_nt35510.c.o
Compiling .pio/build/leaf_rev_g/esp_lcd/src/esp_lcd_panel_ssd1306.c.o
Compiling .pio/build/leaf_rev_g/esp_lcd/src/esp_lcd_panel_st7789.c.o
Compiling .pio/build/leaf_rev_g/esp_lcd/src/esp_lcd_panel_ops.c.o
Compiling .pio/build/leaf_rev_g/esp_lcd/i2c/esp_lcd_panel_io_i2c_v1.c.o
Compiling .pio/build/leaf_rev_g/esp_lcd/i2c/esp_lcd_panel_io_i2c_v2.c.o
Archiving .pio/build/leaf_rev_g/esp-idf/esp_hw_support/libesp_hw_support.a
Compiling .pio/build/leaf_rev_g/esp_lcd/spi/esp_lcd_panel_io_spi.c.o
Indexing .pio/build/leaf_rev_g/esp-idf/esp_hw_support/libesp_hw_support.a
Compiling .pio/build/leaf_rev_g/esp_local_ctrl/src/esp_local_ctrl.c.o
Compiling .pio/build/leaf_rev_g/esp_local_ctrl/src/esp_local_ctrl_handler.c.o
Compiling .pio/build/leaf_rev_g/esp_local_ctrl/proto-c/esp_local_ctrl.pb-c.c.o
Compiling .pio/build/leaf_rev_g/esp_local_ctrl/src/esp_local_ctrl_transport_httpd.c.o
Compiling .pio/build/leaf_rev_g/esp_mm/esp_mmu_map.c.o
Archiving .pio/build/leaf_rev_g/esp-idf/esp_lcd/libesp_lcd.a
Compiling .pio/build/leaf_rev_g/esp_mm/port/esp32c3/ext_mem_layout.c.o
Indexing .pio/build/leaf_rev_g/esp-idf/esp_lcd/libesp_lcd.a
Compiling .pio/build/leaf_rev_g/esp_mm/esp_cache_msync.c.o
Compiling .pio/build/leaf_rev_g/esp_mm/esp_cache_utils.c.o
Compiling .pio/build/leaf_rev_g/esp_mm/heap_align_hw.c.o
Archiving .pio/build/leaf_rev_g/esp-idf/esp_local_ctrl/libesp_local_ctrl.a
Indexing .pio/build/leaf_rev_g/esp-idf/esp_local_ctrl/libesp_local_ctrl.a
Compiling .pio/build/leaf_rev_g/esp_netif/esp_netif_handlers.c.o
Compiling .pio/build/leaf_rev_g/esp_netif/esp_netif_objects.c.o
Compiling .pio/build/leaf_rev_g/esp_netif/esp_netif_defaults.c.o
Compiling .pio/build/leaf_rev_g/esp_netif/lwip/esp_netif_lwip.c.o
Archiving .pio/build/leaf_rev_g/esp-idf/esp_mm/libesp_mm.a
Compiling .pio/build/leaf_rev_g/esp_netif/lwip/esp_netif_sntp.c.o
Indexing .pio/build/leaf_rev_g/esp-idf/esp_mm/libesp_mm.a
Compiling .pio/build/leaf_rev_g/esp_netif/lwip/esp_netif_lwip_defaults.c.o
Compiling .pio/build/leaf_rev_g/esp_netif/lwip/netif/wlanif.c.o
Compiling .pio/build/leaf_rev_g/esp_netif/lwip/netif/ethernetif.c.o
Compiling .pio/build/leaf_rev_g/esp_netif/lwip/netif/esp_pbuf_ref.c.o
Compiling .pio/build/leaf_rev_g/esp_partition/partition.c.o
Compiling .pio/build/leaf_rev_g/esp_partition/partition_target.c.o
Compiling .pio/build/leaf_rev_g/esp_phy/src/phy_override.c.o
Compiling .pio/build/leaf_rev_g/esp_phy/src/lib_printf.c.o
Compiling .pio/build/leaf_rev_g/esp_phy/src/phy_common.c.o
Compiling .pio/build/leaf_rev_g/esp_phy/src/phy_init.c.o
Compiling .pio/build/leaf_rev_g/esp_phy/esp32c3/phy_init_data.c.o
Compiling .pio/build/leaf_rev_g/esp_phy/src/btbb_init.c.o
Compiling .pio/build/leaf_rev_g/esp_pm/pm_locks.c.o
Archiving .pio/build/leaf_rev_g/esp-idf/esp_partition/libesp_partition.a
Compiling .pio/build/leaf_rev_g/esp_pm/pm_trace.c.o
Indexing .pio/build/leaf_rev_g/esp-idf/esp_partition/libesp_partition.a
Compiling .pio/build/leaf_rev_g/esp_pm/pm_impl.c.o
Compiling .pio/build/leaf_rev_g/esp_ringbuf/ringbuf.c.o
Archiving .pio/build/leaf_rev_g/esp-idf/esp_netif/libesp_netif.a
Archiving .pio/build/leaf_rev_g/esp-idf/esp_phy/libesp_phy.a
Compiling .pio/build/leaf_rev_g/esp_rom/patches/esp_rom_sys.c.o
Indexing .pio/build/leaf_rev_g/esp-idf/esp_netif/libesp_netif.a
Indexing .pio/build/leaf_rev_g/esp-idf/esp_phy/libesp_phy.a
Compiling .pio/build/leaf_rev_g/esp_rom/patches/esp_rom_print.c.o
Compiling .pio/build/leaf_rev_g/esp_rom/patches/esp_rom_crc.c.o
Compiling .pio/build/leaf_rev_g/esp_rom/patches/esp_rom_uart.c.o
Compiling .pio/build/leaf_rev_g/esp_rom/patches/esp_rom_spiflash.c.o
Compiling .pio/build/leaf_rev_g/esp_rom/patches/esp_rom_efuse.c.o
Compiling .pio/build/leaf_rev_g/esp_rom/patches/esp_rom_gpio.c.o
Archiving .pio/build/leaf_rev_g/esp-idf/esp_pm/libesp_pm.a
Compiling .pio/build/leaf_rev_g/esp_rom/patches/esp_rom_systimer.c.o
Indexing .pio/build/leaf_rev_g/esp-idf/esp_pm/libesp_pm.a
Compiling .pio/build/leaf_rev_g/esp_security/src/init.c.o
Compiling .pio/build/leaf_rev_g/esp_security/src/esp_hmac.c.o
Archiving .pio/build/leaf_rev_g/esp-idf/esp_ringbuf/libesp_ringbuf.a
Archiving .pio/build/leaf_rev_g/esp-idf/esp_rom/libesp_rom.a
Indexing .pio/build/leaf_rev_g/esp-idf/esp_ringbuf/libesp_ringbuf.a
Indexing .pio/build/leaf_rev_g/esp-idf/esp_rom/libesp_rom.a
Compiling .pio/build/leaf_rev_g/esp_security/src/esp_ds.c.o
Compiling .pio/build/leaf_rev_g/esp_security/src/esp_crypto_lock.c.o
Compiling .pio/build/leaf_rev_g/esp_security/src/esp_crypto_periph_clk.c.o
Compiling .pio/build/leaf_rev_g/esp_system/esp_err.c.o
Compiling .pio/build/leaf_rev_g/esp_system/crosscore_int.c.o
Compiling .pio/build/leaf_rev_g/esp_system/esp_ipc.c.o
Compiling .pio/build/leaf_rev_g/esp_system/esp_system_console.c.o
Compiling .pio/build/leaf_rev_g/esp_system/freertos_hooks.c.o
Archiving .pio/build/leaf_rev_g/esp-idf/esp_security/libesp_security.a
Compiling .pio/build/leaf_rev_g/esp_system/int_wdt.c.o
Indexing .pio/build/leaf_rev_g/esp-idf/esp_security/libesp_security.a
Compiling .pio/build/leaf_rev_g/esp_system/panic.c.o
Compiling .pio/build/leaf_rev_g/esp_system/esp_system.c.o
Compiling .pio/build/leaf_rev_g/esp_system/startup.c.o
Compiling .pio/build/leaf_rev_g/esp_system/startup_funcs.c.o
Compiling .pio/build/leaf_rev_g/esp_system/system_time.c.o
Compiling .pio/build/leaf_rev_g/esp_system/stack_check.c.o
Compiling .pio/build/leaf_rev_g/esp_system/ubsan.c.o
Compiling .pio/build/leaf_rev_g/esp_system/xt_wdt.c.o
Compiling .pio/build/leaf_rev_g/esp_system/task_wdt/task_wdt.c.o
Compiling .pio/build/leaf_rev_g/esp_system/task_wdt/task_wdt_impl_timergroup.c.o
Compiling .pio/build/leaf_rev_g/esp_system/hw_stack_guard.c.o
Compiling .pio/build/leaf_rev_g/esp_system/port/cpu_start.c.o
Compiling .pio/build/leaf_rev_g/esp_system/port/panic_handler.c.o
Compiling .pio/build/leaf_rev_g/esp_system/port/esp_system_chip.c.o
Compiling .pio/build/leaf_rev_g/esp_system/port/image_process.c.o
Compiling .pio/build/leaf_rev_g/esp_system/port/arch/riscv/expression_with_stack.c.o
Compiling .pio/build/leaf_rev_g/esp_system/port/arch/riscv/panic_arch.c.o
Compiling .pio/build/leaf_rev_g/esp_system/port/arch/riscv/debug_helpers.c.o
Compiling .pio/build/leaf_rev_g/esp_system/port/arch/riscv/debug_stubs.c.o
Compiling .pio/build/leaf_rev_g/esp_system/port/soc/esp32c3/clk.c.o
Compiling .pio/build/leaf_rev_g/esp_system/port/soc/esp32c3/reset_reason.c.o
Compiling .pio/build/leaf_rev_g/esp_system/port/soc/esp32c3/system_internal.c.o
Compiling .pio/build/leaf_rev_g/esp_system/port/soc/esp32c3/cache_err_int.c.o
Compiling .pio/build/leaf_rev_g/esp_system/port/soc/esp32c3/apb_backup_dma.c.o
Compiling .pio/build/leaf_rev_g/esp_timer/src/esp_timer.c.o
Compiling .pio/build/leaf_rev_g/esp_timer/src/esp_timer_init.c.o
Compiling .pio/build/leaf_rev_g/esp_timer/src/ets_timer_legacy.c.o
Compiling .pio/build/leaf_rev_g/esp_timer/src/system_time.c.o
Compiling .pio/build/leaf_rev_g/esp_timer/src/esp_timer_impl_common.c.o
Compiling .pio/build/leaf_rev_g/esp_timer/src/esp_timer_impl_systimer.c.o
Archiving .pio/build/leaf_rev_g/esp-idf/esp_system/libesp_system.a
Compiling .pio/build/leaf_rev_g/esp_vfs_console/vfs_console.c.o
Indexing .pio/build/leaf_rev_g/esp-idf/esp_system/libesp_system.a
Compiling .pio/build/leaf_rev_g/esp_wifi/src/lib_printf.c.o
Compiling .pio/build/leaf_rev_g/esp_wifi/src/mesh_event.c.o
Compiling .pio/build/leaf_rev_g/esp_wifi/src/smartconfig.c.o
Compiling .pio/build/leaf_rev_g/esp_wifi/src/wifi_init.c.o
Archiving .pio/build/leaf_rev_g/esp-idf/esp_timer/libesp_timer.a
Compiling .pio/build/leaf_rev_g/esp_wifi/src/wifi_default.c.o
Archiving .pio/build/leaf_rev_g/esp-idf/esp_vfs_console/libesp_vfs_console.a
Compiling .pio/build/leaf_rev_g/esp_wifi/src/wifi_netif.c.o
Indexing .pio/build/leaf_rev_g/esp-idf/esp_timer/libesp_timer.a
Indexing .pio/build/leaf_rev_g/esp-idf/esp_vfs_console/libesp_vfs_console.a
Compiling .pio/build/leaf_rev_g/esp_wifi/src/wifi_default_ap.c.o
Compiling .pio/build/leaf_rev_g/esp_wifi/esp32c3/esp_adapter.c.o
Compiling .pio/build/leaf_rev_g/esp_wifi/regulatory/esp_wifi_regulatory.c.o
Compiling .pio/build/leaf_rev_g/esp_wifi/src/smartconfig_ack.c.o
Compiling .pio/build/leaf_rev_g/espcoredump/src/core_dump_init.c.o
Compiling .pio/build/leaf_rev_g/espcoredump/src/core_dump_common.c.o
Compiling .pio/build/leaf_rev_g/espcoredump/src/core_dump_flash.c.o
Compiling .pio/build/leaf_rev_g/espcoredump/src/core_dump_uart.c.o
Compiling .pio/build/leaf_rev_g/espcoredump/src/core_dump_elf.c.o
Compiling .pio/build/leaf_rev_g/espcoredump/src/core_dump_binary.c.o
Compiling .pio/build/leaf_rev_g/espcoredump/src/core_dump_sha.c.o
Archiving .pio/build/leaf_rev_g/esp-idf/esp_wifi/libesp_wifi.a
Compiling .pio/build/leaf_rev_g/espcoredump/src/core_dump_crc.c.o
Compiling .pio/build/leaf_rev_g/espcoredump/src/port/riscv/core_dump_port.c.o
Indexing .pio/build/leaf_rev_g/esp-idf/esp_wifi/libesp_wifi.a
Compiling .pio/build/leaf_rev_g/fatfs/diskio/diskio.c.o
Compiling .pio/build/leaf_rev_g/fatfs/diskio/diskio_rawflash.c.o
Compiling .pio/build/leaf_rev_g/fatfs/diskio/diskio_wl.c.o
Compiling .pio/build/leaf_rev_g/fatfs/src/ff.c.o
Archiving .pio/build/leaf_rev_g/esp-idf/espcoredump/libespcoredump.a
Indexing .pio/build/leaf_rev_g/esp-idf/espcoredump/libespcoredump.a
Compiling .pio/build/leaf_rev_g/fatfs/src/ffunicode.c.o
Compiling .pio/build/leaf_rev_g/fatfs/port/freertos/ffsystem.c.o
Compiling .pio/build/leaf_rev_g/fatfs/diskio/diskio_sdmmc.c.o
Compiling .pio/build/leaf_rev_g/fatfs/vfs/vfs_fat.c.o
Compiling .pio/build/leaf_rev_g/fatfs/vfs/vfs_fat_sdmmc.c.o
Compiling .pio/build/leaf_rev_g/fatfs/vfs/vfs_fat_spiflash.c.o
Compiling .pio/build/leaf_rev_g/freertos/heap_idf.c.o
Compiling .pio/build/leaf_rev_g/freertos/app_startup.c.o
Compiling .pio/build/leaf_rev_g/freertos/port_common.c.o
Compiling .pio/build/leaf_rev_g/freertos/port_systick.c.o
Compiling .pio/build/leaf_rev_g/freertos/FreeRTOS-Kernel/list.c.o
Compiling .pio/build/leaf_rev_g/freertos/FreeRTOS-Kernel/queue.c.o
Compiling .pio/build/leaf_rev_g/freertos/FreeRTOS-Kernel/tasks.c.o
Compiling .pio/build/leaf_rev_g/freertos/FreeRTOS-Kernel/timers.c.o
Compiling .pio/build/leaf_rev_g/freertos/FreeRTOS-Kernel/event_groups.c.o
Compiling .pio/build/leaf_rev_g/freertos/FreeRTOS-Kernel/stream_buffer.c.o
Compiling .pio/build/leaf_rev_g/freertos/FreeRTOS-Kernel/portable/riscv/port.c.o
Compiling .pio/build/leaf_rev_g/freertos/FreeRTOS-Kernel/portable/riscv/portasm.S.o
Archiving .pio/build/leaf_rev_g/esp-idf/fatfs/libfatfs.a
Compiling .pio/build/leaf_rev_g/freertos/esp_additions/freertos_compatibility.c.o
Compiling .pio/build/leaf_rev_g/freertos/esp_additions/idf_additions_event_groups.c.o
Indexing .pio/build/leaf_rev_g/esp-idf/fatfs/libfatfs.a
Compiling .pio/build/leaf_rev_g/freertos/esp_additions/idf_additions.c.o
Compiling .pio/build/leaf_rev_g/hal/hal_utils.c.o
Compiling .pio/build/leaf_rev_g/hal/efuse_hal.c.o
Compiling .pio/build/leaf_rev_g/hal/esp32c3/efuse_hal.c.o
Compiling .pio/build/leaf_rev_g/hal/wdt_hal_iram.c.o
Compiling .pio/build/leaf_rev_g/hal/mmu_hal.c.o
Compiling .pio/build/leaf_rev_g/hal/cache_hal.c.o
Compiling .pio/build/leaf_rev_g/hal/color_hal.c.o
Compiling .pio/build/leaf_rev_g/hal/spi_flash_hal.c.o
Compiling .pio/build/leaf_rev_g/hal/spi_flash_hal_iram.c.o
Archiving .pio/build/leaf_rev_g/esp-idf/freertos/libfreertos.a
Compiling .pio/build/leaf_rev_g/hal/spi_flash_encrypt_hal_iram.c.o
Compiling .pio/build/leaf_rev_g/hal/esp32c3/clk_tree_hal.c.o
Indexing .pio/build/leaf_rev_g/esp-idf/freertos/libfreertos.a
Compiling .pio/build/leaf_rev_g/hal/systimer_hal.c.o
Compiling .pio/build/leaf_rev_g/hal/uart_hal.c.o
Compiling .pio/build/leaf_rev_g/hal/uart_hal_iram.c.o
Compiling .pio/build/leaf_rev_g/hal/gpio_hal.c.o
Compiling .pio/build/leaf_rev_g/hal/timer_hal.c.o
Compiling .pio/build/leaf_rev_g/hal/ledc_hal.c.o
Compiling .pio/build/leaf_rev_g/hal/ledc_hal_iram.c.o
Compiling .pio/build/leaf_rev_g/hal/i2c_hal.c.o
Compiling .pio/build/leaf_rev_g/hal/i2c_hal_iram.c.o
Compiling .pio/build/leaf_rev_g/hal/rmt_hal.c.o
Compiling .pio/build/leaf_rev_g/hal/uhci_hal.c.o
Compiling .pio/build/leaf_rev_g/hal/twai_hal_sja1000.c.o
Compiling .pio/build/leaf_rev_g/hal/gdma_hal_top.c.o
Compiling .pio/build/leaf_rev_g/hal/gdma_hal_ahb_v1.c.o
Compiling .pio/build/leaf_rev_g/hal/i2s_hal.c.o
Compiling .pio/build/leaf_rev_g/hal/sdm_hal.c.o
Compiling .pio/build/leaf_rev_g/hal/adc_hal_common.c.o
Compiling .pio/build/leaf_rev_g/hal/adc_oneshot_hal.c.o
Compiling .pio/build/leaf_rev_g/hal/adc_hal.c.o
Compiling .pio/build/leaf_rev_g/hal/mpi_hal.c.o
Compiling .pio/build/leaf_rev_g/hal/sha_hal.c.o
Compiling .pio/build/leaf_rev_g/hal/aes_hal.c.o
Compiling .pio/build/leaf_rev_g/hal/brownout_hal.c.o
Compiling .pio/build/leaf_rev_g/hal/spi_hal.c.o
Compiling .pio/build/leaf_rev_g/hal/spi_hal_iram.c.o
Compiling .pio/build/leaf_rev_g/hal/spi_slave_hal.c.o
Compiling .pio/build/leaf_rev_g/hal/spi_slave_hal_iram.c.o
Compiling .pio/build/leaf_rev_g/hal/spi_slave_hd_hal.c.o
Compiling .pio/build/leaf_rev_g/hal/spi_flash_hal_gpspi.c.o
Compiling .pio/build/leaf_rev_g/hal/hmac_hal.c.o
Compiling .pio/build/leaf_rev_g/hal/ds_hal.c.o
Compiling .pio/build/leaf_rev_g/hal/usb_serial_jtag_hal.c.o
Compiling .pio/build/leaf_rev_g/hal/xt_wdt_hal.c.o
Compiling .pio/build/leaf_rev_g/hal/esp32c3/rtc_cntl_hal.c.o
Compiling .pio/build/leaf_rev_g/heap/heap_caps_base.c.o
Compiling .pio/build/leaf_rev_g/heap/heap_caps.c.o
Compiling .pio/build/leaf_rev_g/heap/heap_caps_init.c.o
Compiling .pio/build/leaf_rev_g/heap/multi_heap.c.o
Archiving .pio/build/leaf_rev_g/esp-idf/hal/libhal.a
Compiling .pio/build/leaf_rev_g/heap/tlsf/tlsf.c.o
Compiling .pio/build/leaf_rev_g/heap/port/memory_layout_utils.c.o
Compiling .pio/build/leaf_rev_g/heap/port/esp32c3/memory_layout.c.o
Compiling .pio/build/leaf_rev_g/http_parser/http_parser.c.o
Indexing .pio/build/leaf_rev_g/esp-idf/hal/libhal.a
Compiling .pio/build/leaf_rev_g/json/cJSON/cJSON.c.o
Compiling .pio/build/leaf_rev_g/json/cJSON/cJSON_Utils.c.o
Compiling .pio/build/leaf_rev_g/log/src/os/log_timestamp.c.o
Compiling .pio/build/leaf_rev_g/log/src/log_timestamp_common.c.o
Compiling .pio/build/leaf_rev_g/log/src/os/log_lock.c.o
Compiling .pio/build/leaf_rev_g/log/src/buffer/log_buffers.c.o
Compiling .pio/build/leaf_rev_g/log/src/os/util.c.o
Compiling .pio/build/leaf_rev_g/log/src/util.c.o
Compiling .pio/build/leaf_rev_g/log/src/log_format_text.c.o
Compiling .pio/build/leaf_rev_g/log/src/log_print.c.o
Compiling .pio/build/leaf_rev_g/log/src/log.c.o
Compiling .pio/build/leaf_rev_g/log/src/os/log_write.c.o
Archiving .pio/build/leaf_rev_g/esp-idf/heap/libheap.a
Compiling .pio/build/leaf_rev_g/log/src/log_level/log_level.c.o
Indexing .pio/build/leaf_rev_g/esp-idf/heap/libheap.a
Compiling .pio/build/leaf_rev_g/log/src/log_level/tag_log_level/tag_log_level.c.o
Compiling .pio/build/leaf_rev_g/log/src/log_level/tag_log_level/linked_list/log_linked_list.c.o
Compiling .pio/build/leaf_rev_g/log/src/log_level/tag_log_level/cache/log_binary_heap.c.o
Compiling .pio/build/leaf_rev_g/lwip/apps/sntp/sntp.c.o
Archiving .pio/build/leaf_rev_g/esp-idf/http_parser/libhttp_parser.a
Archiving .pio/build/leaf_rev_g/esp-idf/json/libjson.a
Indexing .pio/build/leaf_rev_g/esp-idf/http_parser/libhttp_parser.a
Indexing .pio/build/leaf_rev_g/esp-idf/json/libjson.a
Compiling .pio/build/leaf_rev_g/lwip/lwip/src/api/api_lib.c.o
Archiving .pio/build/leaf_rev_g/esp-idf/log/liblog.a
Compiling .pio/build/leaf_rev_g/lwip/lwip/src/api/api_msg.c.o
Indexing .pio/build/leaf_rev_g/esp-idf/log/liblog.a
Compiling .pio/build/leaf_rev_g/lwip/lwip/src/api/err.c.o
Compiling .pio/build/leaf_rev_g/lwip/lwip/src/api/if_api.c.o
Compiling .pio/build/leaf_rev_g/lwip/lwip/src/api/netbuf.c.o
Compiling .pio/build/leaf_rev_g/lwip/lwip/src/api/netdb.c.o
Compiling .pio/build/leaf_rev_g/lwip/lwip/src/api/netifapi.c.o
Compiling .pio/build/leaf_rev_g/lwip/lwip/src/api/sockets.c.o
Compiling .pio/build/leaf_rev_g/lwip/lwip/src/api/tcpip.c.o
Compiling .pio/build/leaf_rev_g/lwip/lwip/src/apps/sntp/sntp.c.o
Compiling .pio/build/leaf_rev_g/lwip/lwip/src/apps/netbiosns/netbiosns.c.o
Compiling .pio/build/leaf_rev_g/lwip/lwip/src/core/def.c.o
Compiling .pio/build/leaf_rev_g/lwip/lwip/src/core/dns.c.o
Compiling .pio/build/leaf_rev_g/lwip/lwip/src/core/inet_chksum.c.o
Compiling .pio/build/leaf_rev_g/lwip/lwip/src/core/init.c.o
Compiling .pio/build/leaf_rev_g/lwip/lwip/src/core/ip.c.o
Compiling .pio/build/leaf_rev_g/lwip/lwip/src/core/mem.c.o
Compiling .pio/build/leaf_rev_g/lwip/lwip/src/core/memp.c.o
Compiling .pio/build/leaf_rev_g/lwip/lwip/src/core/netif.c.o
Compiling .pio/build/leaf_rev_g/lwip/lwip/src/core/pbuf.c.o
Compiling .pio/build/leaf_rev_g/lwip/lwip/src/core/raw.c.o
Compiling .pio/build/leaf_rev_g/lwip/lwip/src/core/stats.c.o
Compiling .pio/build/leaf_rev_g/lwip/lwip/src/core/sys.c.o
Compiling .pio/build/leaf_rev_g/lwip/lwip/src/core/tcp.c.o
Compiling .pio/build/leaf_rev_g/lwip/lwip/src/core/tcp_in.c.o
Compiling .pio/build/leaf_rev_g/lwip/lwip/src/core/tcp_out.c.o
Compiling .pio/build/leaf_rev_g/lwip/lwip/src/core/timeouts.c.o
Compiling .pio/build/leaf_rev_g/lwip/lwip/src/core/udp.c.o
Compiling .pio/build/leaf_rev_g/lwip/lwip/src/core/ipv4/autoip.c.o
Compiling .pio/build/leaf_rev_g/lwip/lwip/src/core/ipv4/dhcp.c.o
Compiling .pio/build/leaf_rev_g/lwip/lwip/src/core/ipv4/etharp.c.o
Compiling .pio/build/leaf_rev_g/lwip/lwip/src/core/ipv4/icmp.c.o
Compiling .pio/build/leaf_rev_g/lwip/lwip/src/core/ipv4/igmp.c.o
Compiling .pio/build/leaf_rev_g/lwip/lwip/src/core/ipv4/ip4.c.o
Compiling .pio/build/leaf_rev_g/lwip/lwip/src/core/ipv4/ip4_napt.c.o
Compiling .pio/build/leaf_rev_g/lwip/lwip/src/core/ipv4/ip4_addr.c.o
Compiling .pio/build/leaf_rev_g/lwip/lwip/src/core/ipv4/ip4_frag.c.o
Compiling .pio/build/leaf_rev_g/lwip/lwip/src/core/ipv6/dhcp6.c.o
Compiling .pio/build/leaf_rev_g/lwip/lwip/src/core/ipv6/ethip6.c.o
Compiling .pio/build/leaf_rev_g/lwip/lwip/src/core/ipv6/icmp6.c.o
Compiling .pio/build/leaf_rev_g/lwip/lwip/src/core/ipv6/inet6.c.o
Compiling .pio/build/leaf_rev_g/lwip/lwip/src/core/ipv6/ip6.c.o
Compiling .pio/build/leaf_rev_g/lwip/lwip/src/core/ipv6/ip6_addr.c.o
Compiling .pio/build/leaf_rev_g/lwip/lwip/src/core/ipv6/ip6_frag.c.o
Compiling .pio/build/leaf_rev_g/lwip/lwip/src/core/ipv6/mld6.c.o
Compiling .pio/build/leaf_rev_g/lwip/lwip/src/core/ipv6/nd6.c.o
Compiling .pio/build/leaf_rev_g/lwip/lwip/src/netif/ethernet.c.o
Compiling .pio/build/leaf_rev_g/lwip/lwip/src/netif/bridgeif.c.o
Compiling .pio/build/leaf_rev_g/lwip/lwip/src/netif/bridgeif_fdb.c.o
Compiling .pio/build/leaf_rev_g/lwip/lwip/src/netif/slipif.c.o
Compiling .pio/build/leaf_rev_g/lwip/lwip/src/netif/ppp/auth.c.o
Compiling .pio/build/leaf_rev_g/lwip/lwip/src/netif/ppp/ccp.c.o
Compiling .pio/build/leaf_rev_g/lwip/lwip/src/netif/ppp/chap-md5.c.o
Compiling .pio/build/leaf_rev_g/lwip/lwip/src/netif/ppp/chap-new.c.o
Compiling .pio/build/leaf_rev_g/lwip/lwip/src/netif/ppp/chap_ms.c.o
Compiling .pio/build/leaf_rev_g/lwip/lwip/src/netif/ppp/demand.c.o
Compiling .pio/build/leaf_rev_g/lwip/lwip/src/netif/ppp/eap.c.o
Compiling .pio/build/leaf_rev_g/lwip/lwip/src/netif/ppp/ecp.c.o
Compiling .pio/build/leaf_rev_g/lwip/lwip/src/netif/ppp/eui64.c.o
Compiling .pio/build/leaf_rev_g/lwip/lwip/src/netif/ppp/fsm.c.o
Compiling .pio/build/leaf_rev_g/lwip/lwip/src/netif/ppp/ipcp.c.o
Compiling .pio/build/leaf_rev_g/lwip/lwip/src/netif/ppp/ipv6cp.c.o
Compiling .pio/build/leaf_rev_g/lwip/lwip/src/netif/ppp/lcp.c.o
Compiling .pio/build/leaf_rev_g/lwip/lwip/src/netif/ppp/magic.c.o
Compiling .pio/build/leaf_rev_g/lwip/lwip/src/netif/ppp/mppe.c.o
Compiling .pio/build/leaf_rev_g/lwip/lwip/src/netif/ppp/multilink.c.o
Compiling .pio/build/leaf_rev_g/lwip/lwip/src/netif/ppp/ppp.c.o
Compiling .pio/build/leaf_rev_g/lwip/lwip/src/netif/ppp/pppapi.c.o
Compiling .pio/build/leaf_rev_g/lwip/lwip/src/netif/ppp/pppcrypt.c.o
Compiling .pio/build/leaf_rev_g/lwip/lwip/src/netif/ppp/pppoe.c.o
Compiling .pio/build/leaf_rev_g/lwip/lwip/src/netif/ppp/pppol2tp.c.o
Compiling .pio/build/leaf_rev_g/lwip/lwip/src/netif/ppp/pppos.c.o
Compiling .pio/build/leaf_rev_g/lwip/lwip/src/netif/ppp/upap.c.o
Compiling .pio/build/leaf_rev_g/lwip/lwip/src/netif/ppp/utils.c.o
Compiling .pio/build/leaf_rev_g/lwip/lwip/src/netif/ppp/vj.c.o
Compiling .pio/build/leaf_rev_g/lwip/port/hooks/tcp_isn_default.c.o
Compiling .pio/build/leaf_rev_g/lwip/port/hooks/lwip_default_hooks.c.o
Compiling .pio/build/leaf_rev_g/lwip/port/debug/lwip_debug.c.o
Compiling .pio/build/leaf_rev_g/lwip/port/sockets_ext.c.o
Compiling .pio/build/leaf_rev_g/lwip/port/freertos/sys_arch.c.o
Compiling .pio/build/leaf_rev_g/lwip/port/if_index.c.o
Compiling .pio/build/leaf_rev_g/lwip/port/acd_dhcp_check.c.o
Compiling .pio/build/leaf_rev_g/lwip/port/esp32xx/vfs_lwip.c.o
Compiling .pio/build/leaf_rev_g/lwip/apps/ping/esp_ping.c.o
Compiling .pio/build/leaf_rev_g/lwip/apps/ping/ping.c.o
Compiling .pio/build/leaf_rev_g/lwip/apps/ping/ping_sock.c.o
Compiling .pio/build/leaf_rev_g/lwip/lwip/src/netif/ppp/polarssl/arc4.c.o
Compiling .pio/build/leaf_rev_g/lwip/lwip/src/netif/ppp/polarssl/des.c.o
Compiling .pio/build/leaf_rev_g/lwip/lwip/src/netif/ppp/polarssl/md4.c.o
Compiling .pio/build/leaf_rev_g/lwip/lwip/src/netif/ppp/polarssl/md5.c.o
Compiling .pio/build/leaf_rev_g/lwip/lwip/src/netif/ppp/polarssl/sha1.c.o
Compiling .pio/build/leaf_rev_g/lwip/apps/dhcpserver/dhcpserver.c.o
Compiling .pio/build/leaf_rev_g/mbedtls/esp_crt_bundle/esp_crt_bundle.c.o
Compiling .pio/build/leaf_rev_g/.pio/build/leaf_rev_g/x509_crt_bundle.S.o
Compiling .pio/build/leaf_rev_g/mqtt/esp-mqtt/mqtt_client.c.o
Compiling .pio/build/leaf_rev_g/mqtt/esp-mqtt/lib/mqtt_msg.c.o
Compiling .pio/build/leaf_rev_g/mqtt/esp-mqtt/lib/mqtt_outbox.c.o
Compiling .pio/build/leaf_rev_g/mqtt/esp-mqtt/lib/platform_esp32_idf.c.o
Archiving .pio/build/leaf_rev_g/esp-idf/mbedtls/libmbedtls.a
Compiling .pio/build/leaf_rev_g/newlib/src/init.c.o
Indexing .pio/build/leaf_rev_g/esp-idf/mbedtls/libmbedtls.a
Archiving .pio/build/leaf_rev_g/esp-idf/lwip/liblwip.a
Compiling .pio/build/leaf_rev_g/newlib/src/abort.c.o
Compiling .pio/build/leaf_rev_g/newlib/src/assert.c.o
Compiling .pio/build/leaf_rev_g/newlib/src/heap.c.o
Compiling .pio/build/leaf_rev_g/newlib/src/locks.c.o
Compiling .pio/build/leaf_rev_g/newlib/src/poll.c.o
Compiling .pio/build/leaf_rev_g/newlib/src/pthread.c.o
Indexing .pio/build/leaf_rev_g/esp-idf/lwip/liblwip.a
Compiling .pio/build/leaf_rev_g/newlib/src/random.c.o
Compiling .pio/build/leaf_rev_g/newlib/src/getentropy.c.o
Compiling .pio/build/leaf_rev_g/newlib/src/termios.c.o
Compiling .pio/build/leaf_rev_g/newlib/src/stdatomic.c.o
Compiling .pio/build/leaf_rev_g/newlib/src/time.c.o
Compiling .pio/build/leaf_rev_g/newlib/src/sysconf.c.o
Compiling .pio/build/leaf_rev_g/newlib/src/realpath.c.o
Compiling .pio/build/leaf_rev_g/newlib/src/scandir.c.o
Compiling .pio/build/leaf_rev_g/newlib/src/syscalls.c.o
Compiling .pio/build/leaf_rev_g/newlib/src/reent_syscalls.c.o
Compiling .pio/build/leaf_rev_g/newlib/src/port/esp_time_impl.c.o
Compiling .pio/build/leaf_rev_g/newlib/src/flockfile.c.o
Compiling .pio/build/leaf_rev_g/newlib/src/reent_init.c.o
Compiling .pio/build/leaf_rev_g/newlib/src/newlib_init.c.o
Compiling .pio/build/leaf_rev_g/nvs_flash/src/nvs_api.cpp.o
Archiving .pio/build/leaf_rev_g/esp-idf/mqtt/libmqtt.a
Compiling .pio/build/leaf_rev_g/nvs_flash/src/nvs_cxx_api.cpp.o
Indexing .pio/build/leaf_rev_g/esp-idf/mqtt/libmqtt.a
Compiling .pio/build/leaf_rev_g/nvs_flash/src/nvs_item_hash_list.cpp.o
Archiving .pio/build/leaf_rev_g/esp-idf/newlib/libnewlib.a
Compiling .pio/build/leaf_rev_g/nvs_flash/src/nvs_page.cpp.o
Compiling .pio/build/leaf_rev_g/nvs_flash/src/nvs_pagemanager.cpp.o
Indexing .pio/build/leaf_rev_g/esp-idf/newlib/libnewlib.a
Compiling .pio/build/leaf_rev_g/nvs_flash/src/nvs_storage.cpp.o
Compiling .pio/build/leaf_rev_g/nvs_flash/src/nvs_handle_simple.cpp.o
Compiling .pio/build/leaf_rev_g/nvs_flash/src/nvs_handle_locked.cpp.o
Compiling .pio/build/leaf_rev_g/nvs_flash/src/nvs_partition.cpp.o
Compiling .pio/build/leaf_rev_g/nvs_flash/src/nvs_partition_lookup.cpp.o
Compiling .pio/build/leaf_rev_g/nvs_flash/src/nvs_partition_manager.cpp.o
Compiling .pio/build/leaf_rev_g/nvs_flash/src/nvs_types.cpp.o
Compiling .pio/build/leaf_rev_g/nvs_flash/src/nvs_platform.cpp.o
Compiling .pio/build/leaf_rev_g/nvs_flash/src/nvs_bootloader.c.o
Compiling .pio/build/leaf_rev_g/nvs_flash/src/nvs_encrypted_partition.cpp.o
Compiling .pio/build/leaf_rev_g/nvs_flash/src/nvs_bootloader_aes.c.o
Compiling .pio/build/leaf_rev_g/nvs_flash/src/nvs_bootloader_xts_aes.c.o
Compiling .pio/build/leaf_rev_g/nvs_sec_provider/nvs_sec_provider.c.o
Compiling .pio/build/leaf_rev_g/protobuf-c/protobuf-c/protobuf-c/protobuf-c.c.o
Compiling .pio/build/leaf_rev_g/protocomm/src/common/protocomm.c.o
Archiving .pio/build/leaf_rev_g/esp-idf/nvs_sec_provider/libnvs_sec_provider.a
Indexing .pio/build/leaf_rev_g/esp-idf/nvs_sec_provider/libnvs_sec_provider.a
Compiling .pio/build/leaf_rev_g/protocomm/proto-c/constants.pb-c.c.o
Compiling .pio/build/leaf_rev_g/protocomm/proto-c/sec0.pb-c.c.o
Compiling .pio/build/leaf_rev_g/protocomm/proto-c/sec1.pb-c.c.o
Compiling .pio/build/leaf_rev_g/protocomm/proto-c/sec2.pb-c.c.o
Archiving .pio/build/leaf_rev_g/esp-idf/protobuf-c/libprotobuf-c.a
Compiling .pio/build/leaf_rev_g/protocomm/proto-c/session.pb-c.c.o
Compiling .pio/build/leaf_rev_g/protocomm/src/transports/protocomm_console.c.o
Indexing .pio/build/leaf_rev_g/esp-idf/protobuf-c/libprotobuf-c.a
Compiling .pio/build/leaf_rev_g/protocomm/src/transports/protocomm_httpd.c.o
Compiling .pio/build/leaf_rev_g/protocomm/src/security/security0.c.o
Compiling .pio/build/leaf_rev_g/protocomm/src/security/security1.c.o
Compiling .pio/build/leaf_rev_g/protocomm/src/security/security2.c.o
Compiling .pio/build/leaf_rev_g/protocomm/src/crypto/srp6a/esp_srp.c.o
Compiling .pio/build/leaf_rev_g/protocomm/src/crypto/srp6a/esp_srp_mpi.c.o
Compiling .pio/build/leaf_rev_g/pthread/pthread.c.o
Compiling .pio/build/leaf_rev_g/pthread/pthread_cond_var.c.o
Compiling .pio/build/leaf_rev_g/pthread/pthread_local_storage.c.o
Compiling .pio/build/leaf_rev_g/pthread/pthread_rwlock.c.o
Compiling .pio/build/leaf_rev_g/pthread/pthread_semaphore.c.o
Compiling .pio/build/leaf_rev_g/riscv/instruction_decode.c.o
Compiling .pio/build/leaf_rev_g/riscv/interrupt.c.o
Archiving .pio/build/leaf_rev_g/esp-idf/protocomm/libprotocomm.a
Compiling .pio/build/leaf_rev_g/riscv/rv_utils.c.o
Compiling .pio/build/leaf_rev_g/riscv/vectors.S.o
Indexing .pio/build/leaf_rev_g/esp-idf/protocomm/libprotocomm.a
Compiling .pio/build/leaf_rev_g/riscv/interrupt_intc.c.o
Archiving .pio/build/leaf_rev_g/esp-idf/nvs_flash/libnvs_flash.a
Compiling .pio/build/leaf_rev_g/riscv/vectors_intc.S.o
Archiving .pio/build/leaf_rev_g/esp-idf/pthread/libpthread.a
Indexing .pio/build/leaf_rev_g/esp-idf/nvs_flash/libnvs_flash.a
Indexing .pio/build/leaf_rev_g/esp-idf/pthread/libpthread.a
Compiling .pio/build/leaf_rev_g/rt/FreeRTOS_POSIX_mqueue.c.o
Archiving .pio/build/leaf_rev_g/esp-idf/riscv/libriscv.a
Compiling .pio/build/leaf_rev_g/rt/FreeRTOS_POSIX_utils.c.o
Indexing .pio/build/leaf_rev_g/esp-idf/riscv/libriscv.a
Compiling .pio/build/leaf_rev_g/sdmmc/sdmmc_cmd.c.o
Compiling .pio/build/leaf_rev_g/sdmmc/sdmmc_common.c.o
Compiling .pio/build/leaf_rev_g/sdmmc/sdmmc_init.c.o
Compiling .pio/build/leaf_rev_g/sdmmc/sdmmc_io.c.o
Compiling .pio/build/leaf_rev_g/sdmmc/sdmmc_mmc.c.o
Compiling .pio/build/leaf_rev_g/sdmmc/sdmmc_sd.c.o
Compiling .pio/build/leaf_rev_g/sdmmc/sd_pwr_ctrl/sd_pwr_ctrl.c.o
Archiving .pio/build/leaf_rev_g/esp-idf/rt/librt.a
Compiling .pio/build/leaf_rev_g/soc/lldesc.c.o
Indexing .pio/build/leaf_rev_g/esp-idf/rt/librt.a
Compiling .pio/build/leaf_rev_g/soc/dport_access_common.c.o
Compiling .pio/build/leaf_rev_g/soc/esp32c3/interrupts.c.o
Compiling .pio/build/leaf_rev_g/soc/esp32c3/gpio_periph.c.o
Compiling .pio/build/leaf_rev_g/soc/esp32c3/uart_periph.c.o
Compiling .pio/build/leaf_rev_g/soc/esp32c3/adc_periph.c.o
Compiling .pio/build/leaf_rev_g/soc/esp32c3/dedic_gpio_periph.c.o
Compiling .pio/build/leaf_rev_g/soc/esp32c3/gdma_periph.c.o
Compiling .pio/build/leaf_rev_g/soc/esp32c3/spi_periph.c.o
Archiving .pio/build/leaf_rev_g/esp-idf/sdmmc/libsdmmc.a
Compiling .pio/build/leaf_rev_g/soc/esp32c3/ledc_periph.c.o
Compiling .pio/build/leaf_rev_g/soc/esp32c3/rmt_periph.c.o
Indexing .pio/build/leaf_rev_g/esp-idf/sdmmc/libsdmmc.a
Compiling .pio/build/leaf_rev_g/soc/esp32c3/sdm_periph.c.o
Compiling .pio/build/leaf_rev_g/soc/esp32c3/i2s_periph.c.o
Compiling .pio/build/leaf_rev_g/soc/esp32c3/i2c_periph.c.o
Compiling .pio/build/leaf_rev_g/soc/esp32c3/temperature_sensor_periph.c.o
Compiling .pio/build/leaf_rev_g/soc/esp32c3/timer_periph.c.o
Compiling .pio/build/leaf_rev_g/soc/esp32c3/mpi_periph.c.o
Compiling .pio/build/leaf_rev_g/soc/esp32c3/twai_periph.c.o
Compiling .pio/build/leaf_rev_g/soc/esp32c3/wdt_periph.c.o
Compiling .pio/build/leaf_rev_g/soc/esp32c3/power_supply_periph.c.o
Compiling .pio/build/leaf_rev_g/spi_flash/flash_brownout_hook.c.o
Compiling .pio/build/leaf_rev_g/spi_flash/spi_flash_chip_drivers.c.o
Compiling .pio/build/leaf_rev_g/spi_flash/spi_flash_chip_generic.c.o
Archiving .pio/build/leaf_rev_g/esp-idf/soc/libsoc.a
Compiling .pio/build/leaf_rev_g/spi_flash/spi_flash_chip_issi.c.o
Compiling .pio/build/leaf_rev_g/spi_flash/spi_flash_chip_mxic.c.o
Indexing .pio/build/leaf_rev_g/esp-idf/soc/libsoc.a
Compiling .pio/build/leaf_rev_g/spi_flash/spi_flash_chip_gd.c.o
Compiling .pio/build/leaf_rev_g/spi_flash/spi_flash_chip_winbond.c.o
Compiling .pio/build/leaf_rev_g/spi_flash/spi_flash_chip_boya.c.o
Compiling .pio/build/leaf_rev_g/spi_flash/spi_flash_chip_mxic_opi.c.o
Compiling .pio/build/leaf_rev_g/spi_flash/spi_flash_chip_th.c.o
Compiling .pio/build/leaf_rev_g/spi_flash/memspi_host_driver.c.o
Compiling .pio/build/leaf_rev_g/spi_flash/cache_utils.c.o
Compiling .pio/build/leaf_rev_g/spi_flash/flash_mmap.c.o
Compiling .pio/build/leaf_rev_g/spi_flash/flash_ops.c.o
Compiling .pio/build/leaf_rev_g/spi_flash/spi_flash_wrap.c.o
Compiling .pio/build/leaf_rev_g/spi_flash/esp_flash_api.c.o
Compiling .pio/build/leaf_rev_g/spi_flash/esp_flash_spi_init.c.o
Compiling .pio/build/leaf_rev_g/spi_flash/spi_flash_os_func_app.c.o
Compiling .pio/build/leaf_rev_g/spi_flash/spi_flash_os_func_noos.c.o
Compiling .pio/build/leaf_rev_g/spiffs/spiffs_api.c.o
Compiling .pio/build/leaf_rev_g/spiffs/spiffs/src/spiffs_cache.c.o
Compiling .pio/build/leaf_rev_g/spiffs/spiffs/src/spiffs_check.c.o
Compiling .pio/build/leaf_rev_g/spiffs/spiffs/src/spiffs_gc.c.o
Compiling .pio/build/leaf_rev_g/spiffs/spiffs/src/spiffs_hydrogen.c.o
Compiling .pio/build/leaf_rev_g/spiffs/spiffs/src/spiffs_nucleus.c.o
Compiling .pio/build/leaf_rev_g/spiffs/esp_spiffs.c.o
Compiling .pio/build/leaf_rev_g/tcp_transport/transport.c.o
Archiving .pio/build/leaf_rev_g/esp-idf/spi_flash/libspi_flash.a
Compiling .pio/build/leaf_rev_g/tcp_transport/transport_ssl.c.o
Compiling .pio/build/leaf_rev_g/tcp_transport/transport_internal.c.o
Compiling .pio/build/leaf_rev_g/tcp_transport/transport_socks_proxy.c.o
Compiling .pio/build/leaf_rev_g/tcp_transport/transport_ws.c.o
Compiling .pio/build/leaf_rev_g/unity/unity/src/unity.c.o
Indexing .pio/build/leaf_rev_g/esp-idf/spi_flash/libspi_flash.a
Compiling .pio/build/leaf_rev_g/unity/unity_compat.c.o
Compiling .pio/build/leaf_rev_g/unity/unity_runner.c.o
Compiling .pio/build/leaf_rev_g/unity/unity_utils_freertos.c.o
Compiling .pio/build/leaf_rev_g/unity/unity_utils_cache.c.o
Compiling .pio/build/leaf_rev_g/unity/unity_utils_memory.c.o
Compiling .pio/build/leaf_rev_g/unity/unity_port_esp32.c.o
Archiving .pio/build/leaf_rev_g/esp-idf/spiffs/libspiffs.a
Compiling .pio/build/leaf_rev_g/unity/port/esp/unity_utils_memory_esp.c.o
Indexing .pio/build/leaf_rev_g/esp-idf/spiffs/libspiffs.a
Compiling .pio/build/leaf_rev_g/vfs/vfs.c.o
Compiling .pio/build/leaf_rev_g/vfs/vfs_eventfd.c.o
Compiling .pio/build/leaf_rev_g/vfs/vfs_semihost.c.o
Archiving .pio/build/leaf_rev_g/esp-idf/unity/libunity.a
Compiling .pio/build/leaf_rev_g/vfs/nullfs.c.o
Archiving .pio/build/leaf_rev_g/esp-idf/tcp_transport/libtcp_transport.a
Indexing .pio/build/leaf_rev_g/esp-idf/unity/libunity.a
Compiling .pio/build/leaf_rev_g/wear_levelling/Partition.cpp.o
Indexing .pio/build/leaf_rev_g/esp-idf/tcp_transport/libtcp_transport.a
Compiling .pio/build/leaf_rev_g/wear_levelling/SPI_Flash.cpp.o
Compiling .pio/build/leaf_rev_g/wear_levelling/WL_Ext_Perf.cpp.o
Compiling .pio/build/leaf_rev_g/wear_levelling/WL_Ext_Safe.cpp.o
Compiling .pio/build/leaf_rev_g/wear_levelling/WL_Flash.cpp.o
Compiling .pio/build/leaf_rev_g/wear_levelling/crc32.cpp.o
Compiling .pio/build/leaf_rev_g/wear_levelling/wear_levelling.cpp.o
Compiling .pio/build/leaf_rev_g/wifi_provisioning/src/wifi_config.c.o
Compiling .pio/build/leaf_rev_g/wifi_provisioning/src/wifi_scan.c.o
Compiling .pio/build/leaf_rev_g/wifi_provisioning/src/wifi_ctrl.c.o
Compiling .pio/build/leaf_rev_g/wifi_provisioning/src/manager.c.o
Compiling .pio/build/leaf_rev_g/wifi_provisioning/src/handlers.c.o
Archiving .pio/build/leaf_rev_g/esp-idf/vfs/libvfs.a
Compiling .pio/build/leaf_rev_g/wifi_provisioning/src/scheme_console.c.o
Indexing .pio/build/leaf_rev_g/esp-idf/vfs/libvfs.a
Compiling .pio/build/leaf_rev_g/wifi_provisioning/proto-c/wifi_config.pb-c.c.o
Compiling .pio/build/leaf_rev_g/wifi_provisioning/proto-c/wifi_scan.pb-c.c.o
Compiling .pio/build/leaf_rev_g/wifi_provisioning/proto-c/wifi_ctrl.pb-c.c.o
Compiling .pio/build/leaf_rev_g/wifi_provisioning/proto-c/wifi_constants.pb-c.c.o
Compiling .pio/build/leaf_rev_g/wifi_provisioning/src/scheme_softap.c.o
Archiving .pio/build/leaf_rev_g/esp-idf/wear_levelling/libwear_levelling.a
Indexing .pio/build/leaf_rev_g/esp-idf/wear_levelling/libwear_levelling.a
Compiling .pio/build/leaf_rev_g/wpa_supplicant/port/os_xtensa.c.o
Compiling .pio/build/leaf_rev_g/wpa_supplicant/port/eloop.c.o
Compiling .pio/build/leaf_rev_g/wpa_supplicant/src/ap/ap_config.c.o
Compiling .pio/build/leaf_rev_g/wpa_supplicant/src/ap/ieee802_1x.c.o
Compiling .pio/build/leaf_rev_g/wpa_supplicant/src/ap/wpa_auth.c.o
Compiling .pio/build/leaf_rev_g/wpa_supplicant/src/ap/wpa_auth_ie.c.o
Archiving .pio/build/leaf_rev_g/esp-idf/wifi_provisioning/libwifi_provisioning.a
Compiling .pio/build/leaf_rev_g/wpa_supplicant/src/ap/pmksa_cache_auth.c.o
Indexing .pio/build/leaf_rev_g/esp-idf/wifi_provisioning/libwifi_provisioning.a
Compiling .pio/build/leaf_rev_g/wpa_supplicant/src/ap/sta_info.c.o
Compiling .pio/build/leaf_rev_g/wpa_supplicant/src/ap/ieee802_11.c.o
Compiling .pio/build/leaf_rev_g/wpa_supplicant/src/ap/comeback_token.c.o
Compiling .pio/build/leaf_rev_g/wpa_supplicant/src/common/sae.c.o
Compiling .pio/build/leaf_rev_g/wpa_supplicant/src/common/dragonfly.c.o
Compiling .pio/build/leaf_rev_g/wpa_supplicant/src/common/wpa_common.c.o
Compiling .pio/build/leaf_rev_g/wpa_supplicant/src/utils/bitfield.c.o
Compiling .pio/build/leaf_rev_g/wpa_supplicant/src/crypto/aes-siv.c.o
Compiling .pio/build/leaf_rev_g/wpa_supplicant/src/crypto/sha256-kdf.c.o
Compiling .pio/build/leaf_rev_g/wpa_supplicant/src/crypto/ccmp.c.o
Compiling .pio/build/leaf_rev_g/wpa_supplicant/src/crypto/aes-gcm.c.o
Compiling .pio/build/leaf_rev_g/wpa_supplicant/src/crypto/crypto_ops.c.o
Compiling .pio/build/leaf_rev_g/wpa_supplicant/src/crypto/dh_group5.c.o
Compiling .pio/build/leaf_rev_g/wpa_supplicant/src/crypto/dh_groups.c.o
Compiling .pio/build/leaf_rev_g/wpa_supplicant/src/crypto/ms_funcs.c.o
Compiling .pio/build/leaf_rev_g/wpa_supplicant/src/crypto/sha1-tlsprf.c.o
Compiling .pio/build/leaf_rev_g/wpa_supplicant/src/crypto/sha256-tlsprf.c.o
Compiling .pio/build/leaf_rev_g/wpa_supplicant/src/crypto/sha384-tlsprf.c.o
Compiling .pio/build/leaf_rev_g/wpa_supplicant/src/crypto/sha256-prf.c.o
Compiling .pio/build/leaf_rev_g/wpa_supplicant/src/crypto/sha1-prf.c.o
Compiling .pio/build/leaf_rev_g/wpa_supplicant/src/crypto/sha384-prf.c.o
Compiling .pio/build/leaf_rev_g/wpa_supplicant/src/crypto/md4-internal.c.o
Compiling .pio/build/leaf_rev_g/wpa_supplicant/src/crypto/sha1-tprf.c.o
Compiling .pio/build/leaf_rev_g/wpa_supplicant/src/eap_common/eap_wsc_common.c.o
Compiling .pio/build/leaf_rev_g/wpa_supplicant/src/common/ieee802_11_common.c.o
Compiling .pio/build/leaf_rev_g/wpa_supplicant/src/eap_peer/chap.c.o
Compiling .pio/build/leaf_rev_g/wpa_supplicant/src/eap_peer/eap.c.o
Compiling .pio/build/leaf_rev_g/wpa_supplicant/src/eap_peer/eap_common.c.o
Compiling .pio/build/leaf_rev_g/wpa_supplicant/src/eap_peer/eap_mschapv2.c.o
Compiling .pio/build/leaf_rev_g/wpa_supplicant/src/eap_peer/eap_peap.c.o
Compiling .pio/build/leaf_rev_g/wpa_supplicant/src/eap_peer/eap_peap_common.c.o
Compiling .pio/build/leaf_rev_g/wpa_supplicant/src/eap_peer/eap_tls.c.o
Compiling .pio/build/leaf_rev_g/wpa_supplicant/src/eap_peer/eap_tls_common.c.o
Compiling .pio/build/leaf_rev_g/wpa_supplicant/src/eap_peer/eap_ttls.c.o
Compiling .pio/build/leaf_rev_g/wpa_supplicant/src/eap_peer/mschapv2.c.o
Compiling .pio/build/leaf_rev_g/wpa_supplicant/src/eap_peer/eap_fast.c.o
Compiling .pio/build/leaf_rev_g/wpa_supplicant/src/eap_peer/eap_fast_common.c.o
Compiling .pio/build/leaf_rev_g/wpa_supplicant/src/eap_peer/eap_fast_pac.c.o
Compiling .pio/build/leaf_rev_g/wpa_supplicant/src/rsn_supp/pmksa_cache.c.o
Compiling .pio/build/leaf_rev_g/wpa_supplicant/src/rsn_supp/wpa.c.o
Compiling .pio/build/leaf_rev_g/wpa_supplicant/src/rsn_supp/wpa_ie.c.o
Compiling .pio/build/leaf_rev_g/wpa_supplicant/src/utils/base64.c.o
Compiling .pio/build/leaf_rev_g/wpa_supplicant/src/utils/common.c.o
Compiling .pio/build/leaf_rev_g/wpa_supplicant/src/utils/ext_password.c.o
Compiling .pio/build/leaf_rev_g/wpa_supplicant/src/utils/uuid.c.o
Compiling .pio/build/leaf_rev_g/wpa_supplicant/src/utils/wpabuf.c.o
Compiling .pio/build/leaf_rev_g/wpa_supplicant/src/utils/wpa_debug.c.o
Compiling .pio/build/leaf_rev_g/wpa_supplicant/src/utils/json.c.o
Compiling .pio/build/leaf_rev_g/wpa_supplicant/src/wps/wps.c.o
Compiling .pio/build/leaf_rev_g/wpa_supplicant/src/wps/wps_attr_build.c.o
Compiling .pio/build/leaf_rev_g/wpa_supplicant/src/wps/wps_attr_parse.c.o
Compiling .pio/build/leaf_rev_g/wpa_supplicant/src/wps/wps_attr_process.c.o
Compiling .pio/build/leaf_rev_g/wpa_supplicant/src/wps/wps_common.c.o
Compiling .pio/build/leaf_rev_g/wpa_supplicant/src/wps/wps_dev_attr.c.o
Compiling .pio/build/leaf_rev_g/wpa_supplicant/src/wps/wps_enrollee.c.o
Compiling .pio/build/leaf_rev_g/wpa_supplicant/src/common/sae_pk.c.o
Compiling .pio/build/leaf_rev_g/wpa_supplicant/esp_supplicant/src/esp_eap_client.c.o
Compiling .pio/build/leaf_rev_g/wpa_supplicant/esp_supplicant/src/esp_wpa2_api_port.c.o
Compiling .pio/build/leaf_rev_g/wpa_supplicant/esp_supplicant/src/esp_wpa_main.c.o
Compiling .pio/build/leaf_rev_g/wpa_supplicant/esp_supplicant/src/esp_wpas_glue.c.o
Compiling .pio/build/leaf_rev_g/wpa_supplicant/esp_supplicant/src/esp_common.c.o
Compiling .pio/build/leaf_rev_g/wpa_supplicant/esp_supplicant/src/esp_wps.c.o
Compiling .pio/build/leaf_rev_g/wpa_supplicant/esp_supplicant/src/esp_wpa3.c.o
Compiling .pio/build/leaf_rev_g/wpa_supplicant/esp_supplicant/src/esp_owe.c.o
Compiling .pio/build/leaf_rev_g/wpa_supplicant/esp_supplicant/src/esp_hostap.c.o
Compiling .pio/build/leaf_rev_g/wpa_supplicant/esp_supplicant/src/crypto/tls_mbedtls.c.o
Compiling .pio/build/leaf_rev_g/wpa_supplicant/esp_supplicant/src/crypto/crypto_mbedtls.c.o
Compiling .pio/build/leaf_rev_g/wpa_supplicant/esp_supplicant/src/crypto/crypto_mbedtls-bignum.c.o
Compiling .pio/build/leaf_rev_g/wpa_supplicant/esp_supplicant/src/crypto/crypto_mbedtls-rsa.c.o
Compiling .pio/build/leaf_rev_g/wpa_supplicant/esp_supplicant/src/crypto/crypto_mbedtls-ec.c.o
Compiling .pio/build/leaf_rev_g/wpa_supplicant/esp_supplicant/src/crypto/fastpsk.c.o
Compiling .pio/build/leaf_rev_g/wpa_supplicant/src/crypto/rc4.c.o
Compiling .pio/build/leaf_rev_g/wpa_supplicant/src/crypto/des-internal.c.o
Compiling .pio/build/leaf_rev_g/wpa_supplicant/esp_supplicant/src/crypto/fastpbkdf2.c.o
Compiling .pio/build/leaf_rev_g/wpa_supplicant/src/crypto/aes-wrap.c.o
Compiling .pio/build/leaf_rev_g/wpa_supplicant/src/crypto/aes-unwrap.c.o
Compiling .pio/build/leaf_rev_g/wpa_supplicant/src/crypto/aes-ccm.c.o
Compiling .pio/build/leaf_rev_g/mbedtls/mbedtls/3rdparty/everest/library/everest.c.o
Compiling .pio/build/leaf_rev_g/mbedtls/mbedtls/3rdparty/everest/library/x25519.c.o
Compiling .pio/build/leaf_rev_g/mbedtls/mbedtls/3rdparty/everest/library/Hacl_Curve25519_joined.c.o
Compiling .pio/build/leaf_rev_g/mbedtls/mbedtls/library/aes.c.o
Compiling .pio/build/leaf_rev_g/mbedtls/mbedtls/library/aesni.c.o
Archiving .pio/build/leaf_rev_g/esp-idf/wpa_supplicant/libwpa_supplicant.a
Archiving .pio/build/leaf_rev_g/esp-idf/mbedtls/mbedtls/3rdparty/everest/libeverest.a
Compiling .pio/build/leaf_rev_g/mbedtls/mbedtls/library/aesce.c.o
Indexing .pio/build/leaf_rev_g/esp-idf/mbedtls/mbedtls/3rdparty/everest/libeverest.a
Compiling .pio/build/leaf_rev_g/mbedtls/mbedtls/library/aria.c.o
Compiling .pio/build/leaf_rev_g/mbedtls/mbedtls/library/asn1parse.c.o
Compiling .pio/build/leaf_rev_g/mbedtls/mbedtls/library/asn1write.c.o
Compiling .pio/build/leaf_rev_g/mbedtls/mbedtls/library/base64.c.o
Compiling .pio/build/leaf_rev_g/mbedtls/mbedtls/library/bignum.c.o
Indexing .pio/build/leaf_rev_g/esp-idf/wpa_supplicant/libwpa_supplicant.a
Compiling .pio/build/leaf_rev_g/mbedtls/mbedtls/library/bignum_core.c.o
Compiling .pio/build/leaf_rev_g/mbedtls/mbedtls/library/bignum_mod.c.o
Compiling .pio/build/leaf_rev_g/mbedtls/mbedtls/library/bignum_mod_raw.c.o
Compiling .pio/build/leaf_rev_g/mbedtls/mbedtls/library/block_cipher.c.o
Compiling .pio/build/leaf_rev_g/mbedtls/mbedtls/library/camellia.c.o
Compiling .pio/build/leaf_rev_g/mbedtls/mbedtls/library/ccm.c.o
Compiling .pio/build/leaf_rev_g/mbedtls/mbedtls/library/chacha20.c.o
Compiling .pio/build/leaf_rev_g/mbedtls/mbedtls/library/chachapoly.c.o
Compiling .pio/build/leaf_rev_g/mbedtls/mbedtls/library/cipher.c.o
Compiling .pio/build/leaf_rev_g/mbedtls/mbedtls/library/cipher_wrap.c.o
Compiling .pio/build/leaf_rev_g/mbedtls/mbedtls/library/constant_time.c.o
Compiling .pio/build/leaf_rev_g/mbedtls/mbedtls/library/cmac.c.o
Compiling .pio/build/leaf_rev_g/mbedtls/mbedtls/library/ctr_drbg.c.o
Compiling .pio/build/leaf_rev_g/mbedtls/mbedtls/library/des.c.o
Compiling .pio/build/leaf_rev_g/mbedtls/mbedtls/library/dhm.c.o
Compiling .pio/build/leaf_rev_g/mbedtls/mbedtls/library/ecdh.c.o
Compiling .pio/build/leaf_rev_g/mbedtls/mbedtls/library/ecdsa.c.o
Compiling .pio/build/leaf_rev_g/mbedtls/mbedtls/library/ecjpake.c.o
Compiling .pio/build/leaf_rev_g/mbedtls/mbedtls/library/ecp.c.o
Compiling .pio/build/leaf_rev_g/mbedtls/mbedtls/library/ecp_curves.c.o
Compiling .pio/build/leaf_rev_g/mbedtls/mbedtls/library/ecp_curves_new.c.o
Compiling .pio/build/leaf_rev_g/mbedtls/mbedtls/library/entropy.c.o
Compiling .pio/build/leaf_rev_g/mbedtls/mbedtls/library/entropy_poll.c.o
Compiling .pio/build/leaf_rev_g/mbedtls/mbedtls/library/error.c.o
Compiling .pio/build/leaf_rev_g/mbedtls/mbedtls/library/gcm.c.o
Compiling .pio/build/leaf_rev_g/mbedtls/mbedtls/library/hkdf.c.o
Compiling .pio/build/leaf_rev_g/mbedtls/mbedtls/library/hmac_drbg.c.o
Compiling .pio/build/leaf_rev_g/mbedtls/mbedtls/library/lmots.c.o
Compiling .pio/build/leaf_rev_g/mbedtls/mbedtls/library/lms.c.o
Compiling .pio/build/leaf_rev_g/mbedtls/mbedtls/library/md.c.o
Compiling .pio/build/leaf_rev_g/mbedtls/mbedtls/library/md5.c.o
Compiling .pio/build/leaf_rev_g/mbedtls/mbedtls/library/memory_buffer_alloc.c.o
Compiling .pio/build/leaf_rev_g/mbedtls/mbedtls/library/nist_kw.c.o
Compiling .pio/build/leaf_rev_g/mbedtls/mbedtls/library/oid.c.o
Compiling .pio/build/leaf_rev_g/mbedtls/mbedtls/library/padlock.c.o
Compiling .pio/build/leaf_rev_g/mbedtls/mbedtls/library/pem.c.o
Compiling .pio/build/leaf_rev_g/mbedtls/mbedtls/library/pk.c.o
Compiling .pio/build/leaf_rev_g/mbedtls/mbedtls/library/pk_ecc.c.o
Compiling .pio/build/leaf_rev_g/mbedtls/mbedtls/library/pk_wrap.c.o
Compiling .pio/build/leaf_rev_g/mbedtls/mbedtls/library/pkcs12.c.o
Compiling .pio/build/leaf_rev_g/mbedtls/mbedtls/library/pkcs5.c.o
Compiling .pio/build/leaf_rev_g/mbedtls/mbedtls/library/pkparse.c.o
Compiling .pio/build/leaf_rev_g/mbedtls/mbedtls/library/pkwrite.c.o
Compiling .pio/build/leaf_rev_g/mbedtls/mbedtls/library/platform.c.o
Compiling .pio/build/leaf_rev_g/mbedtls/mbedtls/library/platform_util.c.o
Compiling .pio/build/leaf_rev_g/mbedtls/mbedtls/library/poly1305.c.o
Compiling .pio/build/leaf_rev_g/mbedtls/mbedtls/library/psa_crypto.c.o
Compiling .pio/build/leaf_rev_g/mbedtls/mbedtls/library/psa_crypto_aead.c.o
Compiling .pio/build/leaf_rev_g/mbedtls/mbedtls/library/psa_crypto_cipher.c.o
Compiling .pio/build/leaf_rev_g/mbedtls/mbedtls/library/psa_crypto_client.c.o
Compiling .pio/build/leaf_rev_g/mbedtls/mbedtls/library/psa_crypto_driver_wrappers_no_static.c.o
Compiling .pio/build/leaf_rev_g/mbedtls/mbedtls/library/psa_crypto_ecp.c.o
Compiling .pio/build/leaf_rev_g/mbedtls/mbedtls/library/psa_crypto_ffdh.c.o
Compiling .pio/build/leaf_rev_g/mbedtls/mbedtls/library/psa_crypto_hash.c.o
Compiling .pio/build/leaf_rev_g/mbedtls/mbedtls/library/psa_crypto_mac.c.o
Compiling .pio/build/leaf_rev_g/mbedtls/mbedtls/library/psa_crypto_pake.c.o
Compiling .pio/build/leaf_rev_g/mbedtls/mbedtls/library/psa_crypto_rsa.c.o
Compiling .pio/build/leaf_rev_g/mbedtls/mbedtls/library/psa_crypto_se.c.o
Compiling .pio/build/leaf_rev_g/mbedtls/mbedtls/library/psa_crypto_slot_management.c.o
Compiling .pio/build/leaf_rev_g/mbedtls/mbedtls/library/psa_crypto_storage.c.o
Compiling .pio/build/leaf_rev_g/mbedtls/mbedtls/library/psa_its_file.c.o
Compiling .pio/build/leaf_rev_g/mbedtls/mbedtls/library/psa_util.c.o
Compiling .pio/build/leaf_rev_g/mbedtls/mbedtls/library/ripemd160.c.o
Compiling .pio/build/leaf_rev_g/mbedtls/mbedtls/library/rsa.c.o
Compiling .pio/build/leaf_rev_g/mbedtls/mbedtls/library/rsa_alt_helpers.c.o
Compiling .pio/build/leaf_rev_g/mbedtls/mbedtls/library/sha1.c.o
Compiling .pio/build/leaf_rev_g/mbedtls/mbedtls/library/sha256.c.o
Compiling .pio/build/leaf_rev_g/mbedtls/mbedtls/library/sha512.c.o
Compiling .pio/build/leaf_rev_g/mbedtls/mbedtls/library/sha3.c.o
Compiling .pio/build/leaf_rev_g/mbedtls/mbedtls/library/threading.c.o
Compiling .pio/build/leaf_rev_g/mbedtls/mbedtls/library/timing.c.o
Compiling .pio/build/leaf_rev_g/mbedtls/mbedtls/library/version.c.o
Compiling .pio/build/leaf_rev_g/mbedtls/mbedtls/library/version_features.c.o
Compiling .pio/build/leaf_rev_g/mbedtls/port/sha/core/esp_sha_gdma_impl.c.o
Compiling .pio/build/leaf_rev_g/mbedtls/port/aes/dma/esp_aes_gdma_impl.c.o
Compiling .pio/build/leaf_rev_g/mbedtls/port/aes/dma/esp_aes_dma_core.c.o
Compiling .pio/build/leaf_rev_g/mbedtls/port/crypto_shared_gdma/esp_crypto_shared_gdma.c.o
Compiling .pio/build/leaf_rev_g/mbedtls/port/esp_hardware.c.o
Compiling .pio/build/leaf_rev_g/mbedtls/port/esp_mem.c.o
Compiling .pio/build/leaf_rev_g/mbedtls/port/esp_timing.c.o
Compiling .pio/build/leaf_rev_g/mbedtls/port/aes/esp_aes_xts.c.o
Compiling .pio/build/leaf_rev_g/mbedtls/port/aes/esp_aes_common.c.o
Compiling .pio/build/leaf_rev_g/mbedtls/port/aes/dma/esp_aes.c.o
Compiling .pio/build/leaf_rev_g/mbedtls/port/sha/esp_sha.c.o
Compiling .pio/build/leaf_rev_g/mbedtls/port/sha/core/sha.c.o
Compiling .pio/build/leaf_rev_g/mbedtls/port/esp_ds/esp_rsa_sign_alt.c.o
Compiling .pio/build/leaf_rev_g/mbedtls/port/bignum/esp_bignum.c.o
Compiling .pio/build/leaf_rev_g/mbedtls/port/bignum/bignum_alt.c.o
Compiling .pio/build/leaf_rev_g/mbedtls/port/sha/core/esp_sha1.c.o
Compiling .pio/build/leaf_rev_g/mbedtls/port/sha/core/esp_sha256.c.o
Compiling .pio/build/leaf_rev_g/mbedtls/port/sha/core/esp_sha512.c.o
Compiling .pio/build/leaf_rev_g/mbedtls/port/aes/esp_aes_gcm.c.o
Compiling .pio/build/leaf_rev_g/mbedtls/port/md/esp_md.c.o
Compiling .pio/build/leaf_rev_g/mbedtls/mbedtls/library/debug.c.o
Compiling .pio/build/leaf_rev_g/mbedtls/mbedtls/library/mps_reader.c.o
Compiling .pio/build/leaf_rev_g/mbedtls/mbedtls/library/mps_trace.c.o
Compiling .pio/build/leaf_rev_g/mbedtls/mbedtls/library/ssl_cache.c.o
Compiling .pio/build/leaf_rev_g/mbedtls/mbedtls/library/ssl_ciphersuites.c.o
Compiling .pio/build/leaf_rev_g/mbedtls/mbedtls/library/ssl_client.c.o
Compiling .pio/build/leaf_rev_g/mbedtls/mbedtls/library/ssl_cookie.c.o
Archiving .pio/build/leaf_rev_g/esp-idf/mbedtls/mbedtls/library/libmbedcrypto.a
Compiling .pio/build/leaf_rev_g/mbedtls/mbedtls/library/ssl_debug_helpers_generated.c.o
Compiling .pio/build/leaf_rev_g/mbedtls/mbedtls/library/ssl_msg.c.o
Compiling .pio/build/leaf_rev_g/mbedtls/mbedtls/library/ssl_ticket.c.o
Compiling .pio/build/leaf_rev_g/mbedtls/mbedtls/library/ssl_tls.c.o
Compiling .pio/build/leaf_rev_g/mbedtls/mbedtls/library/ssl_tls12_client.c.o
Compiling .pio/build/leaf_rev_g/mbedtls/mbedtls/library/ssl_tls12_server.c.o
Indexing .pio/build/leaf_rev_g/esp-idf/mbedtls/mbedtls/library/libmbedcrypto.a
Compiling .pio/build/leaf_rev_g/mbedtls/mbedtls/library/ssl_tls13_keys.c.o
Compiling .pio/build/leaf_rev_g/mbedtls/mbedtls/library/ssl_tls13_server.c.o
Compiling .pio/build/leaf_rev_g/mbedtls/mbedtls/library/ssl_tls13_client.c.o
Compiling .pio/build/leaf_rev_g/mbedtls/mbedtls/library/ssl_tls13_generic.c.o
Compiling .pio/build/leaf_rev_g/mbedtls/port/mbedtls_debug.c.o
Compiling .pio/build/leaf_rev_g/mbedtls/port/esp_platform_time.c.o
Compiling .pio/build/leaf_rev_g/mbedtls/port/net_sockets.c.o
Compiling .pio/build/leaf_rev_g/mbedtls/mbedtls/library/pkcs7.c.o
Compiling .pio/build/leaf_rev_g/mbedtls/mbedtls/library/x509.c.o
Compiling .pio/build/leaf_rev_g/mbedtls/mbedtls/library/x509_create.c.o
Compiling .pio/build/leaf_rev_g/mbedtls/mbedtls/library/x509_crl.c.o
Compiling .pio/build/leaf_rev_g/mbedtls/mbedtls/library/x509_crt.c.o
Compiling .pio/build/leaf_rev_g/mbedtls/mbedtls/library/x509_csr.c.o
Compiling .pio/build/leaf_rev_g/mbedtls/mbedtls/library/x509write.c.o
Compiling .pio/build/leaf_rev_g/mbedtls/mbedtls/library/x509write_crt.c.o
Compiling .pio/build/leaf_rev_g/mbedtls/mbedtls/library/x509write_csr.c.o
Compiling .pio/build/leaf_rev_g/mbedtls/mbedtls/3rdparty/p256-m/p256-m_driver_entrypoints.c.o
Archiving .pio/build/leaf_rev_g/esp-idf/mbedtls/mbedtls/library/libmbedtls.a
Compiling .pio/build/leaf_rev_g/mbedtls/mbedtls/3rdparty/p256-m/p256-m/p256-m.c.o
Compiling .pio/build/leaf_rev_g/bootloader/hal/hal_utils.c.o
Indexing .pio/build/leaf_rev_g/esp-idf/mbedtls/mbedtls/library/libmbedtls.a
Compiling .pio/build/leaf_rev_g/bootloader/hal/efuse_hal.c.o
Compiling .pio/build/leaf_rev_g/bootloader/hal/esp32c3/efuse_hal.c.o
Compiling .pio/build/leaf_rev_g/bootloader/hal/wdt_hal_iram.c.o
Compiling .pio/build/leaf_rev_g/bootloader/hal/mmu_hal.c.o
Archiving .pio/build/leaf_rev_g/esp-idf/mbedtls/mbedtls/3rdparty/p256-m/libp256m.a
Compiling .pio/build/leaf_rev_g/bootloader/hal/cache_hal.c.o
Indexing .pio/build/leaf_rev_g/esp-idf/mbedtls/mbedtls/3rdparty/p256-m/libp256m.a
Compiling .pio/build/leaf_rev_g/bootloader/bootloader/subproject/main/bootloader_start.c.o
Compiling .pio/build/leaf_rev_g/bootloader/bootloader_support/src/bootloader_common.c.o
Compiling .pio/build/leaf_rev_g/bootloader/bootloader_support/src/bootloader_common_loader.c.o
Archiving .pio/build/leaf_rev_g/esp-idf/mbedtls/mbedtls/library/libmbedx509.a
Compiling .pio/build/leaf_rev_g/bootloader/bootloader_support/src/bootloader_clock_init.c.o
Compiling .pio/build/leaf_rev_g/bootloader/bootloader_support/src/bootloader_mem.c.o
Indexing .pio/build/leaf_rev_g/esp-idf/mbedtls/mbedtls/library/libmbedx509.a
Archiving .pio/build/leaf_rev_g/bootloader/esp-idf/main/libmain.a
Archiving .pio/build/leaf_rev_g/bootloader/esp-idf/hal/libhal.a
Compiling .pio/build/leaf_rev_g/bootloader/bootloader_support/src/bootloader_random.c.o
Indexing .pio/build/leaf_rev_g/bootloader/esp-idf/main/libmain.a
Compiling .pio/build/leaf_rev_g/bootloader/bootloader_support/src/bootloader_efuse.c.o
Indexing .pio/build/leaf_rev_g/bootloader/esp-idf/hal/libhal.a
Generating project linker script .pio/build/leaf_rev_g/sections.ld
Compiling .pio/build/leaf_rev_g/bootloader/bootloader_support/src/flash_encrypt.c.o
Compiling .pio/build/leaf_rev_g/bootloader/bootloader_support/src/secure_boot.c.o
Compiling .pio/build/leaf_rev_g/bootloader/bootloader_support/src/bootloader_random_esp32c3.c.o
Compiling .pio/build/leaf_rev_g/bootloader/bootloader_support/bootloader_flash/src/bootloader_flash.c.o
Compiling .pio/build/leaf_rev_g/bootloader/bootloader_support/bootloader_flash/src/flash_qio_mode.c.o
Compiling .pio/build/leaf_rev_g/bootloader/bootloader_support/bootloader_flash/src/bootloader_flash_config_esp32c3.c.o
Compiling .pio/build/leaf_rev_g/bootloader/bootloader_support/src/bootloader_utility.c.o
Compiling .pio/build/leaf_rev_g/bootloader/bootloader_support/src/flash_partitions.c.o
Compiling .pio/build/leaf_rev_g/bootloader/bootloader_support/src/esp_image_format.c.o
Compiling .pio/build/leaf_rev_g/bootloader/bootloader_support/src/bootloader_sha.c.o
Compiling .pio/build/leaf_rev_g/bootloader/bootloader_support/src/bootloader_init.c.o
Compiling .pio/build/leaf_rev_g/bootloader/bootloader_support/src/bootloader_clock_loader.c.o
Compiling .pio/build/leaf_rev_g/bootloader/bootloader_support/src/bootloader_console.c.o
Compiling .pio/build/leaf_rev_g/bootloader/bootloader_support/src/bootloader_console_loader.c.o
Compiling .pio/build/leaf_rev_g/bootloader/bootloader_support/src/esp32c3/bootloader_soc.c.o
Compiling .pio/build/leaf_rev_g/bootloader/bootloader_support/src/esp32c3/bootloader_esp32c3.c.o
Compiling .pio/build/leaf_rev_g/bootloader/bootloader_support/src/bootloader_panic.c.o
Compiling .pio/build/leaf_rev_g/bootloader/efuse/esp32c3/esp_efuse_table.c.o
Compiling .pio/build/leaf_rev_g/bootloader/efuse/esp32c3/esp_efuse_fields.c.o
Compiling .pio/build/leaf_rev_g/bootloader/efuse/esp32c3/esp_efuse_rtc_calib.c.o
Compiling .pio/build/leaf_rev_g/bootloader/efuse/esp32c3/esp_efuse_utility.c.o
Compiling .pio/build/leaf_rev_g/bootloader/efuse/src/esp_efuse_api.c.o
Compiling .pio/build/leaf_rev_g/bootloader/efuse/src/esp_efuse_fields.c.o
Compiling .pio/build/leaf_rev_g/bootloader/efuse/src/esp_efuse_utility.c.o
Compiling .pio/build/leaf_rev_g/bootloader/efuse/src/efuse_controller/keys/with_key_purposes/esp_efuse_api_key.c.o
Compiling .pio/build/leaf_rev_g/bootloader/esp_bootloader_format/esp_bootloader_desc.c.o
Archiving .pio/build/leaf_rev_g/bootloader/esp-idf/bootloader_support/libbootloader_support.a
Compiling .pio/build/leaf_rev_g/bootloader/esp_common/src/esp_err_to_name.c.o
Compiling .pio/build/leaf_rev_g/bootloader/esp_hw_support/cpu.c.o
Indexing .pio/build/leaf_rev_g/bootloader/esp-idf/bootloader_support/libbootloader_support.a
Compiling .pio/build/leaf_rev_g/bootloader/esp_hw_support/port/esp32c3/esp_cpu_intr.c.o
Archiving .pio/build/leaf_rev_g/bootloader/esp-idf/esp_bootloader_format/libesp_bootloader_format.a
Compiling .pio/build/leaf_rev_g/bootloader/esp_hw_support/esp_memory_utils.c.o
Indexing .pio/build/leaf_rev_g/bootloader/esp-idf/esp_bootloader_format/libesp_bootloader_format.a
Compiling .pio/build/leaf_rev_g/bootloader/esp_hw_support/port/esp32c3/cpu_region_protect.c.o
Compiling .pio/build/leaf_rev_g/bootloader/esp_hw_support/port/esp32c3/rtc_clk_init.c.o
Archiving .pio/build/leaf_rev_g/bootloader/esp-idf/esp_common/libesp_common.a
Archiving .pio/build/leaf_rev_g/bootloader/esp-idf/efuse/libefuse.a
Compiling .pio/build/leaf_rev_g/bootloader/esp_hw_support/port/esp32c3/rtc_clk.c.o
Indexing .pio/build/leaf_rev_g/bootloader/esp-idf/esp_common/libesp_common.a
Indexing .pio/build/leaf_rev_g/bootloader/esp-idf/efuse/libefuse.a
Compiling .pio/build/leaf_rev_g/bootloader/esp_hw_support/port/esp32c3/rtc_init.c.o
Compiling .pio/build/leaf_rev_g/bootloader/esp_hw_support/port/esp32c3/rtc_sleep.c.o
Compiling .pio/build/leaf_rev_g/bootloader/esp_hw_support/port/esp32c3/rtc_time.c.o
Compiling .pio/build/leaf_rev_g/bootloader/esp_hw_support/port/esp32c3/chip_info.c.o
Compiling .pio/build/leaf_rev_g/bootloader/esp_rom/patches/esp_rom_sys.c.o
Compiling .pio/build/leaf_rev_g/bootloader/esp_rom/patches/esp_rom_print.c.o
Compiling .pio/build/leaf_rev_g/bootloader/esp_rom/patches/esp_rom_crc.c.o
Compiling .pio/build/leaf_rev_g/bootloader/esp_rom/patches/esp_rom_uart.c.o
Compiling .pio/build/leaf_rev_g/bootloader/esp_rom/patches/esp_rom_spiflash.c.o
Compiling .pio/build/leaf_rev_g/bootloader/esp_rom/patches/esp_rom_efuse.c.o
Compiling .pio/build/leaf_rev_g/bootloader/esp_rom/patches/esp_rom_gpio.c.o
Compiling .pio/build/leaf_rev_g/bootloader/esp_rom/patches/esp_rom_systimer.c.o
Compiling .pio/build/leaf_rev_g/bootloader/esp_system/esp_err.c.o
Archiving .pio/build/leaf_rev_g/bootloader/esp-idf/esp_hw_support/libesp_hw_support.a
Compiling .pio/build/leaf_rev_g/bootloader/log/src/noos/log_timestamp.c.o
Indexing .pio/build/leaf_rev_g/bootloader/esp-idf/esp_hw_support/libesp_hw_support.a
Compiling .pio/build/leaf_rev_g/bootloader/log/src/log_timestamp_common.c.o
Archiving .pio/build/leaf_rev_g/bootloader/esp-idf/esp_rom/libesp_rom.a
Compiling .pio/build/leaf_rev_g/bootloader/log/src/noos/log_lock.c.o
Compiling .pio/build/leaf_rev_g/bootloader/log/src/buffer/log_buffers.c.o
Indexing .pio/build/leaf_rev_g/bootloader/esp-idf/esp_rom/libesp_rom.a
Archiving .pio/build/leaf_rev_g/bootloader/esp-idf/esp_system/libesp_system.a
Compiling .pio/build/leaf_rev_g/bootloader/log/src/noos/util.c.o
Indexing .pio/build/leaf_rev_g/bootloader/esp-idf/esp_system/libesp_system.a
Compiling .pio/build/leaf_rev_g/bootloader/log/src/util.c.o
Compiling .pio/build/leaf_rev_g/bootloader/log/src/log_format_text.c.o
Compiling .pio/build/leaf_rev_g/bootloader/log/src/log_print.c.o
Compiling .pio/build/leaf_rev_g/bootloader/log/src/log.c.o
Compiling .pio/build/leaf_rev_g/bootloader/bootloader/subproject/components/micro-ecc/uECC_verify_antifault.c.o
Compiling .pio/build/leaf_rev_g/bootloader/riscv/rv_utils.c.o
Compiling .pio/build/leaf_rev_g/bootloader/soc/lldesc.c.o
Compiling .pio/build/leaf_rev_g/bootloader/soc/dport_access_common.c.o
Archiving .pio/build/leaf_rev_g/bootloader/esp-idf/log/liblog.a
Compiling .pio/build/leaf_rev_g/bootloader/soc/esp32c3/interrupts.c.o
Compiling .pio/build/leaf_rev_g/bootloader/soc/esp32c3/gpio_periph.c.o
Indexing .pio/build/leaf_rev_g/bootloader/esp-idf/log/liblog.a
Compiling .pio/build/leaf_rev_g/bootloader/soc/esp32c3/uart_periph.c.o
Archiving .pio/build/leaf_rev_g/bootloader/esp-idf/riscv/libriscv.a
Compiling .pio/build/leaf_rev_g/bootloader/soc/esp32c3/adc_periph.c.o
Indexing .pio/build/leaf_rev_g/bootloader/esp-idf/riscv/libriscv.a
Compiling .pio/build/leaf_rev_g/bootloader/soc/esp32c3/dedic_gpio_periph.c.o
Compiling .pio/build/leaf_rev_g/bootloader/soc/esp32c3/gdma_periph.c.o
Compiling .pio/build/leaf_rev_g/bootloader/soc/esp32c3/spi_periph.c.o
Compiling .pio/build/leaf_rev_g/bootloader/soc/esp32c3/ledc_periph.c.o
Compiling .pio/build/leaf_rev_g/bootloader/soc/esp32c3/rmt_periph.c.o
Compiling .pio/build/leaf_rev_g/bootloader/soc/esp32c3/sdm_periph.c.o
Compiling .pio/build/leaf_rev_g/bootloader/soc/esp32c3/i2s_periph.c.o
Compiling .pio/build/leaf_rev_g/bootloader/soc/esp32c3/i2c_periph.c.o
Compiling .pio/build/leaf_rev_g/bootloader/soc/esp32c3/temperature_sensor_periph.c.o
Compiling .pio/build/leaf_rev_g/bootloader/soc/esp32c3/timer_periph.c.o
Compiling .pio/build/leaf_rev_g/bootloader/soc/esp32c3/mpi_periph.c.o
Compiling .pio/build/leaf_rev_g/bootloader/soc/esp32c3/twai_periph.c.o
Compiling .pio/build/leaf_rev_g/bootloader/soc/esp32c3/wdt_periph.c.o
Compiling .pio/build/leaf_rev_g/bootloader/soc/esp32c3/power_supply_periph.c.o
Compiling .pio/build/leaf_rev_g/bootloader/spi_flash/spi_flash_wrap.c.o
Generating partitions .pio/build/leaf_rev_g/partitions.bin
Archiving .pio/build/leaf_rev_g/bootloader/esp-idf/soc/libsoc.a
Indexing .pio/build/leaf_rev_g/bootloader/esp-idf/soc/libsoc.a
Archiving .pio/build/leaf_rev_g/bootloader/esp-idf/spi_flash/libspi_flash.a
Indexing .pio/build/leaf_rev_g/bootloader/esp-idf/spi_flash/libspi_flash.a
Archiving .pio/build/leaf_rev_g/bootloader/esp-idf/micro-ecc/libmicro-ecc.a
Indexing .pio/build/leaf_rev_g/bootloader/esp-idf/micro-ecc/libmicro-ecc.a
Linking .pio/build/leaf_rev_g/bootloader.elf
Building .pio/build/leaf_rev_g/bootloader.bin
esptool.py v4.9.0
Creating esp32c3 image...
Merged 2 ELF sections
Successfully created esp32c3 image.
Linking .pio/build/leaf_rev_g/firmware.elf
Retrieving maximum program size .pio/build/leaf_rev_g/firmware.elf
Checking size .pio/build/leaf_rev_g/firmware.elf
Advanced Memory Usage is available via "PlatformIO Home > Project Inspect"
RAM:   [=         ]   9.0% (used 29476 bytes from 327680 bytes)
Flash: [========= ]  85.1% (used 892592 bytes from 1048576 bytes)
Building .pio/build/leaf_rev_g/firmware.bin
esptool.py v4.9.0
Creating esp32c3 image...
Merged 1 ELF section
Successfully created esp32c3 image.
========================= [SUCCESS] Took 24.51 seconds =========================
