PASS: native electrical/mechanical/received-parts compatibility, thermal mask geometry and Leafy branding
{
  "status": "PASS",
  "revision": "G.5",
  "product": "Leafy",
  "pcb_sha256": "1d69ed10e44eddc2ca1c4897c0f790e3a0d30cff7f1da9c7cc5d514d66f0ef4f",
  "schematic_sha256": "9a7693a932eca66d2a03a80e0310218a1916fb0347467844711df6423b1dd381",
  "baseline_archive_sha256": "43f6ded86034cc35928592db1c3c0f2811397d9905ed7cfc299e788f0fb70947",
  "metrics": {
    "U1": {
      "count": 6,
      "drill_mm": 0.33,
      "continuous_top_mask_opening_mm": [
        2.71,
        3.4
      ],
      "mask_area_mm2": 9.214,
      "reference_paste_area_mm2": 8.401
    },
    "U2": {
      "count": 12,
      "drill_mm": 0.3,
      "continuous_top_mask_opening_mm": [
        2.7,
        2.7
      ],
      "mask_area_mm2": 7.29,
      "reference_paste_area_mm2": 3.24
    }
  },
  "checks": [
    "All copper, nets, drills, layer stackup, component placements and mechanical geometry unchanged from G.4",
    "All 55 MPNs and all accessory requirements unchanged",
    "Mouser hand BOM and basket files byte-identical; recorded purchased quantities cover required parts",
    "Four copper Gerbers, both drill files, back mask and reference paste unchanged after header normalization",
    "All 18 hole ends exposed in mask plots for required epoxy fill and copper cap process",
    "Fill-location CSV agrees with the native board",
    "Leafy / REV G.5 printed on the board",
    "Fresh ERC/DRC including zone refill and schematic parity zero"
  ],
  "limitations": "This verifies artwork and compatibility, not completed fabrication. JLC must apply filling/capping to all listed thermal PTHs, including 0.33 mm. Normal JLC stencil process is authorized; final placement/DFM review and prototype tests remain."
}
