Rev B critical placement, routing, and four copper layers saved.
Footprints: 50 tracks/vias: 259
F1 [('1', '/CAR_12V', (24.0, 33.955)), ('2', '/CAR_FUSED', (24.0, 29.045))]
D1 [('1', '/VPWR', (24.0, 22.0)), ('2', '/CAR_FUSED', (24.0, 26.0))]
D3 [('1', '/VPWR', (10.0, 22.15)), ('2', '/GND', (10.0, 17.85))]
C1 [('1', '/VPWR', (10.5, 13.475)), ('2', '/GND', (10.5, 10.525))]
C2 [('1', '/VPWR', (13.6, 11.68)), ('2', '/GND', (13.6, 9.78))]
C3 [('1', '/BUCK_VCC', (24.425, 13.0)), ('2', '/GND', (25.975, 13.0))]
C4 [('1', '/BUCK_BOOT', (24.0, 11.505)), ('2', '/BUCK_SW', (24.0, 9.955))]
R1 [('1', '/3V3', (21.9, 17.825)), ('2', '/BUCK_FB', (21.9, 16.175))]
R2 [('1', '/BUCK_FB', (23.475, 15.5)), ('2', '/GND', (25.125, 15.5))]
U3 [('1', '/CAN_TX', (17.605, 25.525)), ('2', '/GND', (16.335, 25.525)), ('3', '/3V3', (15.065, 25.525)), ('4', '/CAN_RX', (13.795, 25.525)), ('5', '/3V3', (13.795, 30.475)), ('6', '/CAN_L', (15.065, 30.475)), ('7', '/CAN_H', (16.335, 30.475)), ('8', '/CAN_STB', (17.605, 30.475))]
D4 [('1', '/CAN_L', (13.55, 34.4375)), ('2', '/CAN_H', (15.45, 34.4375)), ('3', '/GND', (14.5, 32.5625))]
C12 [('1', '/3V3', (15.065, 23.275)), ('2', '/GND', (15.065, 21.725))]
C13 [('1', '/3V3', (11.575, 30.5)), ('2', '/GND', (10.025, 30.5))]
R10 [('1', '/3V3', (19.675, 29.0)), ('2', '/CAN_STB', (21.325, 29.0))]
D2 [('1', '/VPWR', (26.8, 20.5)), ('2', '/USB_5V', (31.2, 20.5))]
U4 [('1', '/USB_CONN_P', (57.45, 37.8625)), ('2', '/GND', (56.5, 37.8625)), ('3', '/USB_CONN_N', (55.55, 37.8625)), ('4', '/USB_CONN_N', (55.55, 40.1375)), ('5', '/USB_5V', (56.5, 40.1375)), ('6', '/USB_CONN_P', (57.45, 40.1375))]
C14 [('1', '/USB_5V', (59.6, 40.375)), ('2', '/GND', (59.6, 38.825))]
R13 [('1', '/USB_CONN_N', (60.625, 11.5)), ('2', '/USB_D_N', (58.975, 11.5))]
R14 [('1', '/USB_CONN_P', (60.625, 10.0)), ('2', '/USB_D_P', (58.975, 10.0))]
R4 [('1', '/3V3', (59.0, 5.825)), ('2', '/BOOT_IO2', (59.0, 4.175))]
R8 [('1', '/BAT_SENSE', (62.0, 5.625)), ('2', '/GND', (62.0, 3.975))]
C11 [('1', '/BAT_SENSE', (60.925, 7.6)), ('2', '/GND', (62.475, 7.6))]
R11 [('1', '/CC1', (46.975, 43.0)), ('2', '/GND', (48.625, 43.0))]
R12 [('1', '/CC2', (61.175, 37.5)), ('2', '/GND', (62.825, 37.5))]
R15 [('1', '/USB_5V', (47.5, 37.825)), ('2', '/USB_PRESENT', (47.5, 36.175))]
R16 [('1', '/USB_PRESENT', (47.5, 40.825)), ('2', '/GND', (47.5, 39.175))]
D5 [('1', '/USB_5V', (50.5, 38.65)), ('2', '/GND', (50.5, 35.35))]
R17 [('1', '/USB_5V', (52.6, 37.825)), ('2', '/GND', (52.6, 36.175))]
H3 []
